// Vitest Snapshot v1, https://vitest.dev/guide/snapshot.html

exports[`ButtonGroup > renders orientation vertical with default slot correctly 1`] = `
"<div class="relative flex flex-col -space-y-px">
  <div class="relative inline-flex items-center group"><input type="text" class="w-full rounded-md border-0 placeholder-gray-400 dark:placeholder-gray-500 focus:outline-none disabled:cursor-not-allowed disabled:opacity-75 group-not-only:group-first:rounded-b-none group-not-only:group-last:rounded-t-none group-not-last:group-not-first:rounded-none px-2.5 py-1.5 text-sm shadow-sm bg-white dark:bg-gray-900 text-gray-900 dark:text-white ring ring-inset ring-gray-300 dark:ring-gray-700 focus:ring-2 focus:ring-primary-500 dark:focus:ring-primary-400">
    <!--v-if-->
    <!--v-if-->
  </div> <button type="button" class="rounded-md font-medium inline-flex items-center focus:outline-none disabled:cursor-not-allowed disabled:opacity-75 not-only:first:rounded-b-none not-only:last:rounded-t-none not-last:not-first:rounded-none px-2.5 py-1.5 text-sm gap-1.5 shadow-sm text-white dark:text-gray-900 bg-primary-500 hover:bg-primary-600 disabled:bg-primary-500 dark:bg-primary-400 dark:hover:bg-primary-500 dark:disabled:bg-primary-400 focus-visible:outline-2 focus-visible:outline-offset-2 focus-visible:outline-primary-500 dark:focus-visible:outline-primary-400">
    <!--v-if--><span class=""> Click me! </span>
    <!--v-if-->
  </button>
</div>"
`;

exports[`ButtonGroup > renders with as correctly 1`] = `"<div class="relative inline-flex -space-x-px" as="div"></div>"`;

exports[`ButtonGroup > renders with class correctly 1`] = `"<div class="relative inline-flex -space-x-px"></div>"`;

exports[`ButtonGroup > renders with default slot correctly 1`] = `
"<div class="relative inline-flex -space-x-px">
  <div class="relative inline-flex items-center group"><input type="text" class="w-full rounded-md border-0 placeholder-gray-400 dark:placeholder-gray-500 focus:outline-none disabled:cursor-not-allowed disabled:opacity-75 group-not-only:group-first:rounded-e-none group-not-only:group-last:rounded-s-none group-not-last:group-not-first:rounded-none px-2.5 py-1.5 text-sm shadow-sm bg-white dark:bg-gray-900 text-gray-900 dark:text-white ring ring-inset ring-gray-300 dark:ring-gray-700 focus:ring-2 focus:ring-primary-500 dark:focus:ring-primary-400">
    <!--v-if-->
    <!--v-if-->
  </div> <button type="button" class="rounded-md font-medium inline-flex items-center focus:outline-none disabled:cursor-not-allowed disabled:opacity-75 not-only:first:rounded-e-none not-only:last:rounded-s-none not-last:not-first:rounded-none px-2.5 py-1.5 text-sm gap-1.5 shadow-sm text-white dark:text-gray-900 bg-primary-500 hover:bg-primary-600 disabled:bg-primary-500 dark:bg-primary-400 dark:hover:bg-primary-500 dark:disabled:bg-primary-400 focus-visible:outline-2 focus-visible:outline-offset-2 focus-visible:outline-primary-500 dark:focus-visible:outline-primary-400">
    <!--v-if--><span class=""> Click me! </span>
    <!--v-if-->
  </button>
</div>"
`;

exports[`ButtonGroup > renders with size lg correctly 1`] = `
"<div class="relative inline-flex -space-x-px">
  <div class="relative inline-flex items-center group"><input type="text" class="w-full rounded-md border-0 placeholder-gray-400 dark:placeholder-gray-500 focus:outline-none disabled:cursor-not-allowed disabled:opacity-75 group-not-only:group-first:rounded-e-none group-not-only:group-last:rounded-s-none group-not-last:group-not-first:rounded-none px-3 py-2 text-sm shadow-sm bg-white dark:bg-gray-900 text-gray-900 dark:text-white ring ring-inset ring-gray-300 dark:ring-gray-700 focus:ring-2 focus:ring-primary-500 dark:focus:ring-primary-400">
    <!--v-if-->
    <!--v-if-->
  </div> <button type="button" class="rounded-md font-medium inline-flex items-center focus:outline-none disabled:cursor-not-allowed disabled:opacity-75 not-only:first:rounded-e-none not-only:last:rounded-s-none not-last:not-first:rounded-none px-3 py-2 text-sm gap-2 shadow-sm text-white dark:text-gray-900 bg-primary-500 hover:bg-primary-600 disabled:bg-primary-500 dark:bg-primary-400 dark:hover:bg-primary-500 dark:disabled:bg-primary-400 focus-visible:outline-2 focus-visible:outline-offset-2 focus-visible:outline-primary-500 dark:focus-visible:outline-primary-400">
    <!--v-if--><span class=""> Click me! </span>
    <!--v-if-->
  </button>
</div>"
`;

exports[`ButtonGroup > renders with size md correctly 1`] = `
"<div class="relative inline-flex -space-x-px">
  <div class="relative inline-flex items-center group"><input type="text" class="w-full rounded-md border-0 placeholder-gray-400 dark:placeholder-gray-500 focus:outline-none disabled:cursor-not-allowed disabled:opacity-75 group-not-only:group-first:rounded-e-none group-not-only:group-last:rounded-s-none group-not-last:group-not-first:rounded-none px-2.5 py-1.5 text-sm shadow-sm bg-white dark:bg-gray-900 text-gray-900 dark:text-white ring ring-inset ring-gray-300 dark:ring-gray-700 focus:ring-2 focus:ring-primary-500 dark:focus:ring-primary-400">
    <!--v-if-->
    <!--v-if-->
  </div> <button type="button" class="rounded-md font-medium inline-flex items-center focus:outline-none disabled:cursor-not-allowed disabled:opacity-75 not-only:first:rounded-e-none not-only:last:rounded-s-none not-last:not-first:rounded-none px-2.5 py-1.5 text-sm gap-1.5 shadow-sm text-white dark:text-gray-900 bg-primary-500 hover:bg-primary-600 disabled:bg-primary-500 dark:bg-primary-400 dark:hover:bg-primary-500 dark:disabled:bg-primary-400 focus-visible:outline-2 focus-visible:outline-offset-2 focus-visible:outline-primary-500 dark:focus-visible:outline-primary-400">
    <!--v-if--><span class=""> Click me! </span>
    <!--v-if-->
  </button>
</div>"
`;

exports[`ButtonGroup > renders with size sm correctly 1`] = `
"<div class="relative inline-flex -space-x-px">
  <div class="relative inline-flex items-center group"><input type="text" class="w-full rounded-md border-0 placeholder-gray-400 dark:placeholder-gray-500 focus:outline-none disabled:cursor-not-allowed disabled:opacity-75 group-not-only:group-first:rounded-e-none group-not-only:group-last:rounded-s-none group-not-last:group-not-first:rounded-none px-2.5 py-1.5 text-xs shadow-sm bg-white dark:bg-gray-900 text-gray-900 dark:text-white ring ring-inset ring-gray-300 dark:ring-gray-700 focus:ring-2 focus:ring-primary-500 dark:focus:ring-primary-400">
    <!--v-if-->
    <!--v-if-->
  </div> <button type="button" class="rounded-md font-medium inline-flex items-center focus:outline-none disabled:cursor-not-allowed disabled:opacity-75 not-only:first:rounded-e-none not-only:last:rounded-s-none not-last:not-first:rounded-none px-2.5 py-1.5 text-xs gap-1.5 shadow-sm text-white dark:text-gray-900 bg-primary-500 hover:bg-primary-600 disabled:bg-primary-500 dark:bg-primary-400 dark:hover:bg-primary-500 dark:disabled:bg-primary-400 focus-visible:outline-2 focus-visible:outline-offset-2 focus-visible:outline-primary-500 dark:focus-visible:outline-primary-400">
    <!--v-if--><span class=""> Click me! </span>
    <!--v-if-->
  </button>
</div>"
`;

exports[`ButtonGroup > renders with size xl correctly 1`] = `
"<div class="relative inline-flex -space-x-px">
  <div class="relative inline-flex items-center group"><input type="text" class="w-full rounded-md border-0 placeholder-gray-400 dark:placeholder-gray-500 focus:outline-none disabled:cursor-not-allowed disabled:opacity-75 group-not-only:group-first:rounded-e-none group-not-only:group-last:rounded-s-none group-not-last:group-not-first:rounded-none px-3 py-2 text-base shadow-sm bg-white dark:bg-gray-900 text-gray-900 dark:text-white ring ring-inset ring-gray-300 dark:ring-gray-700 focus:ring-2 focus:ring-primary-500 dark:focus:ring-primary-400">
    <!--v-if-->
    <!--v-if-->
  </div> <button type="button" class="rounded-md font-medium inline-flex items-center focus:outline-none disabled:cursor-not-allowed disabled:opacity-75 not-only:first:rounded-e-none not-only:last:rounded-s-none not-last:not-first:rounded-none px-3 py-2 text-base gap-2 shadow-sm text-white dark:text-gray-900 bg-primary-500 hover:bg-primary-600 disabled:bg-primary-500 dark:bg-primary-400 dark:hover:bg-primary-500 dark:disabled:bg-primary-400 focus-visible:outline-2 focus-visible:outline-offset-2 focus-visible:outline-primary-500 dark:focus-visible:outline-primary-400">
    <!--v-if--><span class=""> Click me! </span>
    <!--v-if-->
  </button>
</div>"
`;

exports[`ButtonGroup > renders with size xs correctly 1`] = `
"<div class="relative inline-flex -space-x-px">
  <div class="relative inline-flex items-center group"><input type="text" class="w-full rounded-md border-0 placeholder-gray-400 dark:placeholder-gray-500 focus:outline-none disabled:cursor-not-allowed disabled:opacity-75 group-not-only:group-first:rounded-e-none group-not-only:group-last:rounded-s-none group-not-last:group-not-first:rounded-none px-2 py-1 text-xs shadow-sm bg-white dark:bg-gray-900 text-gray-900 dark:text-white ring ring-inset ring-gray-300 dark:ring-gray-700 focus:ring-2 focus:ring-primary-500 dark:focus:ring-primary-400">
    <!--v-if-->
    <!--v-if-->
  </div> <button type="button" class="rounded-md font-medium inline-flex items-center focus:outline-none disabled:cursor-not-allowed disabled:opacity-75 not-only:first:rounded-e-none not-only:last:rounded-s-none not-last:not-first:rounded-none px-2 py-1 text-xs gap-1 shadow-sm text-white dark:text-gray-900 bg-primary-500 hover:bg-primary-600 disabled:bg-primary-500 dark:bg-primary-400 dark:hover:bg-primary-500 dark:disabled:bg-primary-400 focus-visible:outline-2 focus-visible:outline-offset-2 focus-visible:outline-primary-500 dark:focus-visible:outline-primary-400">
    <!--v-if--><span class=""> Click me! </span>
    <!--v-if-->
  </button>
</div>"
`;

exports[`ButtonGroup > renders with ui correctly 1`] = `"<div class="relative inline-flex -space-x-px"></div>"`;
