// Vitest Snapshot v1, https://vitest.dev/guide/snapshot.html

exports[`Input > renders with class correctly 1`] = `
"<div class="absolute"><input type="text" class="relative block w-full disabled:cursor-not-allowed disabled:opacity-75 focus:outline-none border-0 rounded-md placeholder-gray-400 dark:placeholder-gray-500 px-2.5 py-1.5 text-sm shadow-sm bg-white dark:bg-gray-900 text-gray-900 dark:text-white ring ring-inset ring-gray-300 dark:ring-gray-700 focus:ring-2 focus:ring-primary-500 dark:focus:ring-primary-400">
  <!--v-if-->
  <!--v-if-->
</div>"
`;

exports[`Input > renders with color gray correctly 1`] = `
"<div class="relative"><input type="text" class="relative block w-full disabled:cursor-not-allowed disabled:opacity-75 focus:outline-none border-0 rounded-md placeholder-gray-400 dark:placeholder-gray-500 px-2.5 py-1.5 text-sm shadow-sm bg-gray-50 dark:bg-gray-800 text-gray-900 dark:text-white ring ring-inset ring-gray-300 dark:ring-gray-700 focus:ring-2 focus:ring-primary-500 dark:focus:ring-primary-400">
  <!--v-if-->
  <!--v-if-->
</div>"
`;

exports[`Input > renders with color green correctly 1`] = `
"<div class="relative"><input type="text" class="relative block w-full disabled:cursor-not-allowed disabled:opacity-75 focus:outline-none border-0 rounded-md placeholder-gray-400 dark:placeholder-gray-500 px-2.5 py-1.5 text-sm shadow-sm bg-transparent text-gray-900 dark:text-white ring ring-inset ring-green-500 dark:ring-green-400 focus:ring-2 focus:ring-green-500 dark:focus:ring-green-400">
  <!--v-if-->
  <!--v-if-->
</div>"
`;

exports[`Input > renders with color primary correctly 1`] = `
"<div class="relative"><input type="text" class="relative block w-full disabled:cursor-not-allowed disabled:opacity-75 focus:outline-none border-0 rounded-md placeholder-gray-400 dark:placeholder-gray-500 px-2.5 py-1.5 text-sm shadow-sm bg-transparent text-gray-900 dark:text-white ring ring-inset ring-primary-500 dark:ring-primary-400 focus:ring-2 focus:ring-primary-500 dark:focus:ring-primary-400">
  <!--v-if-->
  <!--v-if-->
</div>"
`;

exports[`Input > renders with color red correctly 1`] = `
"<div class="relative"><input type="text" class="relative block w-full disabled:cursor-not-allowed disabled:opacity-75 focus:outline-none border-0 rounded-md placeholder-gray-400 dark:placeholder-gray-500 px-2.5 py-1.5 text-sm shadow-sm bg-transparent text-gray-900 dark:text-white ring ring-inset ring-red-500 dark:ring-red-400 focus:ring-2 focus:ring-red-500 dark:focus:ring-red-400">
  <!--v-if-->
  <!--v-if-->
</div>"
`;

exports[`Input > renders with color white correctly 1`] = `
"<div class="relative"><input type="text" class="relative block w-full disabled:cursor-not-allowed disabled:opacity-75 focus:outline-none border-0 rounded-md placeholder-gray-400 dark:placeholder-gray-500 px-2.5 py-1.5 text-sm shadow-sm bg-white dark:bg-gray-900 text-gray-900 dark:text-white ring ring-inset ring-gray-300 dark:ring-gray-700 focus:ring-2 focus:ring-primary-500 dark:focus:ring-primary-400">
  <!--v-if-->
  <!--v-if-->
</div>"
`;

exports[`Input > renders with default slot correctly 1`] = `
"<div class="relative"><input type="text" class="relative block w-full disabled:cursor-not-allowed disabled:opacity-75 focus:outline-none border-0 rounded-md placeholder-gray-400 dark:placeholder-gray-500 px-2.5 py-1.5 text-sm shadow-sm bg-white dark:bg-gray-900 text-gray-900 dark:text-white ring ring-inset ring-gray-300 dark:ring-gray-700 focus:ring-2 focus:ring-primary-500 dark:focus:ring-primary-400">Default slot
  <!--v-if-->
  <!--v-if-->
</div>"
`;

exports[`Input > renders with disabled correctly 1`] = `
"<div class="relative"><input type="text" class="relative block w-full disabled:cursor-not-allowed disabled:opacity-75 focus:outline-none border-0 rounded-md placeholder-gray-400 dark:placeholder-gray-500 px-2.5 py-1.5 text-sm shadow-sm bg-white dark:bg-gray-900 text-gray-900 dark:text-white ring ring-inset ring-gray-300 dark:ring-gray-700 focus:ring-2 focus:ring-primary-500 dark:focus:ring-primary-400" disabled="">
  <!--v-if-->
  <!--v-if-->
</div>"
`;

exports[`Input > renders with icon correctly 1`] = `
"<div class="relative"><input type="text" class="relative block w-full disabled:cursor-not-allowed disabled:opacity-75 focus:outline-none border-0 rounded-md placeholder-gray-400 dark:placeholder-gray-500 px-2.5 py-1.5 text-sm shadow-sm bg-white dark:bg-gray-900 text-gray-900 dark:text-white ring ring-inset ring-gray-300 dark:ring-gray-700 focus:ring-2 focus:ring-primary-500 dark:focus:ring-primary-400 pl-9"><span class="absolute inset-y-0 start-0 flex items-center pl-2.5"><span class="iconify i-heroicons:magnifying-glass shrink-0 text-gray-400 dark:text-gray-500 size-5" aria-hidden="true"></span></span>
  <!--v-if-->
</div>"
`;

exports[`Input > renders with id correctly 1`] = `
"<div class="relative"><input type="text" name="id" class="relative block w-full disabled:cursor-not-allowed disabled:opacity-75 focus:outline-none border-0 rounded-md placeholder-gray-400 dark:placeholder-gray-500 px-2.5 py-1.5 text-sm shadow-sm bg-white dark:bg-gray-900 text-gray-900 dark:text-white ring ring-inset ring-gray-300 dark:ring-gray-700 focus:ring-2 focus:ring-primary-500 dark:focus:ring-primary-400">
  <!--v-if-->
  <!--v-if-->
</div>"
`;

exports[`Input > renders with leading and icon correctly 1`] = `
"<div class="relative"><input type="text" class="relative block w-full disabled:cursor-not-allowed disabled:opacity-75 focus:outline-none border-0 rounded-md placeholder-gray-400 dark:placeholder-gray-500 px-2.5 py-1.5 text-sm shadow-sm bg-white dark:bg-gray-900 text-gray-900 dark:text-white ring ring-inset ring-gray-300 dark:ring-gray-700 focus:ring-2 focus:ring-primary-500 dark:focus:ring-primary-400 pl-9"><span class="absolute inset-y-0 start-0 flex items-center pl-2.5"><span class="iconify i-heroicons:magnifying-glass shrink-0 text-gray-400 dark:text-gray-500 size-5" aria-hidden="true"></span></span>
  <!--v-if-->
</div>"
`;

exports[`Input > renders with leading slot correctly 1`] = `
"<div class="relative"><input type="text" class="relative block w-full disabled:cursor-not-allowed disabled:opacity-75 focus:outline-none border-0 rounded-md placeholder-gray-400 dark:placeholder-gray-500 px-2.5 py-1.5 text-sm shadow-sm bg-white dark:bg-gray-900 text-gray-900 dark:text-white ring ring-inset ring-gray-300 dark:ring-gray-700 focus:ring-2 focus:ring-primary-500 dark:focus:ring-primary-400 pl-9"><span class="absolute inset-y-0 start-0 flex items-center pl-2.5">Leading slot</span>
  <!--v-if-->
</div>"
`;

exports[`Input > renders with leadingIcon correctly 1`] = `
"<div class="relative"><input type="text" class="relative block w-full disabled:cursor-not-allowed disabled:opacity-75 focus:outline-none border-0 rounded-md placeholder-gray-400 dark:placeholder-gray-500 px-2.5 py-1.5 text-sm shadow-sm bg-white dark:bg-gray-900 text-gray-900 dark:text-white ring ring-inset ring-gray-300 dark:ring-gray-700 focus:ring-2 focus:ring-primary-500 dark:focus:ring-primary-400 pl-9"><span class="absolute inset-y-0 start-0 flex items-center pl-2.5"><span class="iconify i-heroicons:magnifying-glass shrink-0 text-gray-400 dark:text-gray-500 size-5" aria-hidden="true"></span></span>
  <!--v-if-->
</div>"
`;

exports[`Input > renders with loading correctly 1`] = `
"<div class="relative"><input type="text" class="relative block w-full disabled:cursor-not-allowed disabled:opacity-75 focus:outline-none border-0 rounded-md placeholder-gray-400 dark:placeholder-gray-500 px-2.5 py-1.5 text-sm shadow-sm bg-white dark:bg-gray-900 text-gray-900 dark:text-white ring ring-inset ring-gray-300 dark:ring-gray-700 focus:ring-2 focus:ring-primary-500 dark:focus:ring-primary-400 pl-9"><span class="absolute inset-y-0 start-0 flex items-center pl-2.5"><span class="iconify i-heroicons:arrow-path-20-solid shrink-0 text-gray-400 dark:text-gray-500 size-5 animate-spin" aria-hidden="true"></span></span>
  <!--v-if-->
</div>"
`;

exports[`Input > renders with loadingIcon correctly 1`] = `
"<div class="relative"><input type="text" class="relative block w-full disabled:cursor-not-allowed disabled:opacity-75 focus:outline-none border-0 rounded-md placeholder-gray-400 dark:placeholder-gray-500 px-2.5 py-1.5 text-sm shadow-sm bg-white dark:bg-gray-900 text-gray-900 dark:text-white ring ring-inset ring-gray-300 dark:ring-gray-700 focus:ring-2 focus:ring-primary-500 dark:focus:ring-primary-400 pl-9"><span class="absolute inset-y-0 start-0 flex items-center pl-2.5"><span class="iconify i-heroicons:sparkles shrink-0 text-gray-400 dark:text-gray-500 size-5 animate-spin" aria-hidden="true"></span></span>
  <!--v-if-->
</div>"
`;

exports[`Input > renders with name correctly 1`] = `
"<div class="relative"><input type="text" name="username" class="relative block w-full disabled:cursor-not-allowed disabled:opacity-75 focus:outline-none border-0 rounded-md placeholder-gray-400 dark:placeholder-gray-500 px-2.5 py-1.5 text-sm shadow-sm bg-white dark:bg-gray-900 text-gray-900 dark:text-white ring ring-inset ring-gray-300 dark:ring-gray-700 focus:ring-2 focus:ring-primary-500 dark:focus:ring-primary-400">
  <!--v-if-->
  <!--v-if-->
</div>"
`;

exports[`Input > renders with placeholder correctly 1`] = `
"<div class="relative"><input type="text" placeholder="Enter your username" class="relative block w-full disabled:cursor-not-allowed disabled:opacity-75 focus:outline-none border-0 rounded-md placeholder-gray-400 dark:placeholder-gray-500 px-2.5 py-1.5 text-sm shadow-sm bg-white dark:bg-gray-900 text-gray-900 dark:text-white ring ring-inset ring-gray-300 dark:ring-gray-700 focus:ring-2 focus:ring-primary-500 dark:focus:ring-primary-400">
  <!--v-if-->
  <!--v-if-->
</div>"
`;

exports[`Input > renders with required correctly 1`] = `
"<div class="relative"><input type="text" class="relative block w-full disabled:cursor-not-allowed disabled:opacity-75 focus:outline-none border-0 rounded-md placeholder-gray-400 dark:placeholder-gray-500 px-2.5 py-1.5 text-sm shadow-sm bg-white dark:bg-gray-900 text-gray-900 dark:text-white ring ring-inset ring-gray-300 dark:ring-gray-700 focus:ring-2 focus:ring-primary-500 dark:focus:ring-primary-400" required="">
  <!--v-if-->
  <!--v-if-->
</div>"
`;

exports[`Input > renders with size lg correctly 1`] = `
"<div class="relative"><input type="text" class="relative block w-full disabled:cursor-not-allowed disabled:opacity-75 focus:outline-none border-0 rounded-md placeholder-gray-400 dark:placeholder-gray-500 px-3 py-2 text-sm shadow-sm bg-white dark:bg-gray-900 text-gray-900 dark:text-white ring ring-inset ring-gray-300 dark:ring-gray-700 focus:ring-2 focus:ring-primary-500 dark:focus:ring-primary-400">
  <!--v-if-->
  <!--v-if-->
</div>"
`;

exports[`Input > renders with size md correctly 1`] = `
"<div class="relative"><input type="text" class="relative block w-full disabled:cursor-not-allowed disabled:opacity-75 focus:outline-none border-0 rounded-md placeholder-gray-400 dark:placeholder-gray-500 px-2.5 py-1.5 text-sm shadow-sm bg-white dark:bg-gray-900 text-gray-900 dark:text-white ring ring-inset ring-gray-300 dark:ring-gray-700 focus:ring-2 focus:ring-primary-500 dark:focus:ring-primary-400">
  <!--v-if-->
  <!--v-if-->
</div>"
`;

exports[`Input > renders with size sm correctly 1`] = `
"<div class="relative"><input type="text" class="relative block w-full disabled:cursor-not-allowed disabled:opacity-75 focus:outline-none border-0 rounded-md placeholder-gray-400 dark:placeholder-gray-500 px-2.5 py-1.5 text-xs shadow-sm bg-white dark:bg-gray-900 text-gray-900 dark:text-white ring ring-inset ring-gray-300 dark:ring-gray-700 focus:ring-2 focus:ring-primary-500 dark:focus:ring-primary-400">
  <!--v-if-->
  <!--v-if-->
</div>"
`;

exports[`Input > renders with size xl correctly 1`] = `
"<div class="relative"><input type="text" class="relative block w-full disabled:cursor-not-allowed disabled:opacity-75 focus:outline-none border-0 rounded-md placeholder-gray-400 dark:placeholder-gray-500 px-3 py-2 text-base shadow-sm bg-white dark:bg-gray-900 text-gray-900 dark:text-white ring ring-inset ring-gray-300 dark:ring-gray-700 focus:ring-2 focus:ring-primary-500 dark:focus:ring-primary-400">
  <!--v-if-->
  <!--v-if-->
</div>"
`;

exports[`Input > renders with size xs correctly 1`] = `
"<div class="relative"><input type="text" class="relative block w-full disabled:cursor-not-allowed disabled:opacity-75 focus:outline-none border-0 rounded-md placeholder-gray-400 dark:placeholder-gray-500 px-2 py-1 text-xs shadow-sm bg-white dark:bg-gray-900 text-gray-900 dark:text-white ring ring-inset ring-gray-300 dark:ring-gray-700 focus:ring-2 focus:ring-primary-500 dark:focus:ring-primary-400">
  <!--v-if-->
  <!--v-if-->
</div>"
`;

exports[`Input > renders with trailing and icon correctly 1`] = `
"<div class="relative"><input type="text" class="relative block w-full disabled:cursor-not-allowed disabled:opacity-75 focus:outline-none border-0 rounded-md placeholder-gray-400 dark:placeholder-gray-500 px-2.5 py-1.5 text-sm shadow-sm bg-white dark:bg-gray-900 text-gray-900 dark:text-white ring ring-inset ring-gray-300 dark:ring-gray-700 focus:ring-2 focus:ring-primary-500 dark:focus:ring-primary-400 pr-9">
  <!--v-if--><span class="absolute inset-y-0 end-0 flex items-center pr-2.5"><span class="iconify i-heroicons:magnifying-glass shrink-0 text-gray-400 dark:text-gray-500 size-5" aria-hidden="true"></span></span>
</div>"
`;

exports[`Input > renders with trailing slot correctly 1`] = `
"<div class="relative"><input type="text" class="relative block w-full disabled:cursor-not-allowed disabled:opacity-75 focus:outline-none border-0 rounded-md placeholder-gray-400 dark:placeholder-gray-500 px-2.5 py-1.5 text-sm shadow-sm bg-white dark:bg-gray-900 text-gray-900 dark:text-white ring ring-inset ring-gray-300 dark:ring-gray-700 focus:ring-2 focus:ring-primary-500 dark:focus:ring-primary-400 pr-9">
  <!--v-if--><span class="absolute inset-y-0 end-0 flex items-center pr-2.5">Trailing slot</span>
</div>"
`;

exports[`Input > renders with trailingIcon correctly 1`] = `
"<div class="relative"><input type="text" class="relative block w-full disabled:cursor-not-allowed disabled:opacity-75 focus:outline-none border-0 rounded-md placeholder-gray-400 dark:placeholder-gray-500 px-2.5 py-1.5 text-sm shadow-sm bg-white dark:bg-gray-900 text-gray-900 dark:text-white ring ring-inset ring-gray-300 dark:ring-gray-700 focus:ring-2 focus:ring-primary-500 dark:focus:ring-primary-400 pr-9">
  <!--v-if--><span class="absolute inset-y-0 end-0 flex items-center pr-2.5"><span class="iconify i-heroicons:magnifying-glass shrink-0 text-gray-400 dark:text-gray-500 size-5" aria-hidden="true"></span></span>
</div>"
`;

exports[`Input > renders with type correctly 1`] = `
"<div class="relative"><input type="password" class="relative block w-full disabled:cursor-not-allowed disabled:opacity-75 focus:outline-none border-0 rounded-md placeholder-gray-400 dark:placeholder-gray-500 px-2.5 py-1.5 text-sm shadow-sm bg-white dark:bg-gray-900 text-gray-900 dark:text-white ring ring-inset ring-gray-300 dark:ring-gray-700 focus:ring-2 focus:ring-primary-500 dark:focus:ring-primary-400">
  <!--v-if-->
  <!--v-if-->
</div>"
`;

exports[`Input > renders with ui correctly 1`] = `
"<div class="relative"><input type="text" class="relative block w-full disabled:cursor-not-allowed disabled:opacity-75 focus:outline-none border-0 placeholder-gray-400 dark:placeholder-gray-500 rounded-full px-2.5 py-1.5 text-sm shadow-sm bg-white dark:bg-gray-900 text-gray-900 dark:text-white ring ring-inset ring-gray-300 dark:ring-gray-700 focus:ring-2 focus:ring-primary-500 dark:focus:ring-primary-400">
  <!--v-if-->
  <!--v-if-->
</div>"
`;

exports[`Input > renders with variant none correctly 1`] = `
"<div class="relative"><input type="text" class="relative block w-full disabled:cursor-not-allowed disabled:opacity-75 focus:outline-none border-0 rounded-md placeholder-gray-400 dark:placeholder-gray-500 px-2.5 py-1.5 text-sm bg-transparent focus:ring-0 focus:shadow-none">
  <!--v-if-->
  <!--v-if-->
</div>"
`;

exports[`Input > renders with variant outline correctly 1`] = `
"<div class="relative"><input type="text" class="relative block w-full disabled:cursor-not-allowed disabled:opacity-75 focus:outline-none border-0 rounded-md placeholder-gray-400 dark:placeholder-gray-500 px-2.5 py-1.5 text-sm shadow-sm bg-white dark:bg-gray-900 text-gray-900 dark:text-white ring ring-inset ring-gray-300 dark:ring-gray-700 focus:ring-2 focus:ring-primary-500 dark:focus:ring-primary-400">
  <!--v-if-->
  <!--v-if-->
</div>"
`;
