// Vitest Snapshot v1, https://vitest.dev/guide/snapshot.html

exports[`Link > renders with activeClass correctly 1`] = `"<button type="button" class="focus-visible:outline-primary-500 dark:focus-visible:outline-primary-400 text-gray-900 dark:text-white"></button>"`;

exports[`Link > renders with as correctly 1`] = `"<div class="focus-visible:outline-primary-500 dark:focus-visible:outline-primary-400 text-gray-500 dark:text-gray-400 hover:text-gray-700 dark:hover:text-gray-200"></div>"`;

exports[`Link > renders with class correctly 1`] = `"<button type="button" class="focus-visible:outline-primary-500 dark:focus-visible:outline-primary-400 text-gray-500 dark:text-gray-400 hover:text-gray-700 dark:hover:text-gray-200 font-medium"></button>"`;

exports[`Link > renders with disabled correctly 1`] = `"<button type="button" disabled="" class="focus-visible:outline-primary-500 dark:focus-visible:outline-primary-400 text-gray-500 dark:text-gray-400 hover:text-gray-700 dark:hover:text-gray-200 cursor-not-allowed opacity-75"></button>"`;

exports[`Link > renders with inactiveClass correctly 1`] = `"<button type="button" class="focus-visible:outline-primary-500 dark:focus-visible:outline-primary-400 text-gray-500 dark:text-gray-400 hover:text-primary-500 dark:hover:text-primary-400"></button>"`;

exports[`Link > renders with raw correctly 1`] = `"<button type="button" class=""></button>"`;

exports[`Link > renders with to correctly 1`] = `"<a href="/" class="focus-visible:outline-primary-500 dark:focus-visible:outline-primary-400 text-gray-500 dark:text-gray-400 hover:text-gray-700 dark:hover:text-gray-200"></a>"`;

exports[`Link > renders with type correctly 1`] = `"<button type="submit" class="focus-visible:outline-primary-500 dark:focus-visible:outline-primary-400 text-gray-500 dark:text-gray-400 hover:text-gray-700 dark:hover:text-gray-200"></button>"`;
