// Vitest Snapshot v1, https://vitest.dev/guide/snapshot.html

exports[`NavigationMenu > renders basic case correctly 1`] = `
"<nav aria-label="Main" data-orientation="horizontal" dir="ltr" class="relative flex gap-1.5 w-full items-center justify-between">
  <div style="position: relative;">
    <ul class="isolate flex items-center min-w-0" data-orientation="horizontal">
      <li data-menu-item="" class="min-w-0"><button type="button" class="group relative w-full flex items-center gap-1.5 font-medium text-sm before:absolute before:z-[-1] before:rounded-md focus:outline-none focus-visible:outline-none dark:focus-visible:outline-none focus-visible:before:ring-inset focus-visible:before:ring-2 focus-visible:before:ring-primary-500 dark:focus-visible:before:ring-primary-400 px-2.5 py-3.5 before:inset-x-0 before:inset-y-2 hover:before:bg-gray-50 dark:hover:before:bg-gray-800/50 after:absolute after:bottom-0 after:inset-x-2.5 after:block after:h-[2px] after:mt-2 after:rounded-full text-gray-500 dark:text-gray-400 hover:text-gray-900 dark:hover:text-white" data-radix-vue-collection-item=""><span class="inline-flex items-center justify-center select-none overflow-hidden rounded-full align-middle bg-gray-100 dark:bg-gray-800 size-5 text-[10px] shrink-0"><img role="img" src="https://avatars.githubusercontent.com/u/739984?v=4" class="h-full w-full rounded-[inherit] object-cover" style="display: none;"><span class="font-medium leading-none text-gray-500 dark:text-gray-400 truncate"></span></span><span class="truncate">Profile</span><span class="ms-auto"><span class="font-medium inline-flex items-center text-xs px-1.5 py-0.5 ring ring-inset ring-gray-300 dark:ring-gray-700 text-gray-700 dark:text-gray-200 bg-gray-50 dark:bg-gray-800 shrink-0 rounded">100</span></span></button></li>
      <li data-menu-item="" class="min-w-0"><a href="/modal" class="group relative w-full flex items-center gap-1.5 font-medium text-sm before:absolute before:z-[-1] before:rounded-md focus:outline-none focus-visible:outline-none dark:focus-visible:outline-none focus-visible:before:ring-inset focus-visible:before:ring-2 focus-visible:before:ring-primary-500 dark:focus-visible:before:ring-primary-400 px-2.5 py-3.5 before:inset-x-0 before:inset-y-2 hover:before:bg-gray-50 dark:hover:before:bg-gray-800/50 after:absolute after:bottom-0 after:inset-x-2.5 after:block after:h-[2px] after:mt-2 after:rounded-full text-gray-500 dark:text-gray-400 hover:text-gray-900 dark:hover:text-white" data-radix-vue-collection-item=""><svg data-v-9533427c="" xmlns="http://www.w3.org/2000/svg" xmlns:xlink="http://www.w3.org/1999/xlink" aria-hidden="true" role="img" class="icon shrink-0 size-5 text-gray-400 dark:text-gray-500 group-hover:text-gray-700 dark:group-hover:text-gray-200" width="1em" height="1em" viewBox="0 0 24 24">
            <path fill="none" stroke="currentColor" stroke-linecap="round" stroke-linejoin="round" stroke-width="1.5" d="m2.25 12l8.955-8.955a1.124 1.124 0 0 1 1.59 0L21.75 12M4.5 9.75v10.125c0 .621.504 1.125 1.125 1.125H9.75v-4.875c0-.621.504-1.125 1.125-1.125h2.25c.621 0 1.125.504 1.125 1.125V21h4.125c.621 0 1.125-.504 1.125-1.125V9.75M8.25 21h8.25"></path>
          </svg><span class="truncate">Modal</span>
          <!--v-if-->
        </a></li>
      <li data-menu-item="" class="min-w-0"><a href="/navigation-menu" class="group relative w-full flex items-center gap-1.5 font-medium text-sm before:absolute before:z-[-1] before:rounded-md focus:outline-none focus-visible:outline-none dark:focus-visible:outline-none focus-visible:before:ring-inset focus-visible:before:ring-2 focus-visible:before:ring-primary-500 dark:focus-visible:before:ring-primary-400 px-2.5 py-3.5 before:inset-x-0 before:inset-y-2 hover:before:bg-gray-50 dark:hover:before:bg-gray-800/50 after:absolute after:bottom-0 after:inset-x-2.5 after:block after:h-[2px] after:mt-2 after:rounded-full text-gray-500 dark:text-gray-400 hover:text-gray-900 dark:hover:text-white" data-radix-vue-collection-item=""><svg data-v-9533427c="" xmlns="http://www.w3.org/2000/svg" xmlns:xlink="http://www.w3.org/1999/xlink" aria-hidden="true" role="img" class="icon shrink-0 size-5 text-gray-400 dark:text-gray-500 group-hover:text-gray-700 dark:group-hover:text-gray-200" width="1em" height="1em" viewBox="0 0 24 24">
            <path fill="none" stroke="currentColor" stroke-linecap="round" stroke-linejoin="round" stroke-width="1.5" d="M3 13.125C3 12.504 3.504 12 4.125 12h2.25c.621 0 1.125.504 1.125 1.125v6.75C7.5 20.496 6.996 21 6.375 21h-2.25A1.125 1.125 0 0 1 3 19.875zm6.75-4.5c0-.621.504-1.125 1.125-1.125h2.25c.621 0 1.125.504 1.125 1.125v11.25c0 .621-.504 1.125-1.125 1.125h-2.25a1.125 1.125 0 0 1-1.125-1.125zm6.75-4.5c0-.621.504-1.125 1.125-1.125h2.25C20.496 3 21 3.504 21 4.125v15.75c0 .621-.504 1.125-1.125 1.125h-2.25a1.125 1.125 0 0 1-1.125-1.125z"></path>
          </svg><span class="truncate">NavigationMenu</span>
          <!--v-if-->
        </a></li>
      <li data-menu-item="" class="min-w-0"><a href="/popover" class="group relative w-full flex items-center gap-1.5 font-medium text-sm before:absolute before:z-[-1] before:rounded-md focus:outline-none focus-visible:outline-none dark:focus-visible:outline-none focus-visible:before:ring-inset focus-visible:before:ring-2 focus-visible:before:ring-primary-500 dark:focus-visible:before:ring-primary-400 px-2.5 py-3.5 before:inset-x-0 before:inset-y-2 hover:before:bg-gray-50 dark:hover:before:bg-gray-800/50 after:absolute after:bottom-0 after:inset-x-2.5 after:block after:h-[2px] after:mt-2 after:rounded-full text-gray-500 dark:text-gray-400 hover:text-gray-900 dark:hover:text-white" data-radix-vue-collection-item=""><svg data-v-9533427c="" xmlns="http://www.w3.org/2000/svg" xmlns:xlink="http://www.w3.org/1999/xlink" aria-hidden="true" role="img" class="icon shrink-0 size-5 text-gray-400 dark:text-gray-500 group-hover:text-gray-700 dark:group-hover:text-gray-200" width="1em" height="1em" viewBox="0 0 24 24">
            <path fill="none" stroke="currentColor" stroke-linecap="round" stroke-linejoin="round" stroke-width="1.5" d="m6.75 7.5l3 2.25l-3 2.25m4.5 0h3m-9 8.25h13.5A2.25 2.25 0 0 0 21 18V6a2.25 2.25 0 0 0-2.25-2.25H5.25A2.25 2.25 0 0 0 3 6v12a2.25 2.25 0 0 0 2.25 2.25"></path>
          </svg><span class="truncate">Popover</span>
          <!--v-if-->
        </a></li>
    </ul>
  </div>
  <!--v-if-->
</nav>"
`;

exports[`NavigationMenu > renders with class correctly 1`] = `
"<nav aria-label="Main" data-orientation="horizontal" dir="ltr" class="relative flex gap-1.5 items-center justify-between w-48">
  <div style="position: relative;">
    <ul class="isolate flex items-center min-w-0" data-orientation="horizontal">
      <li data-menu-item="" class="min-w-0"><button type="button" class="group relative w-full flex items-center gap-1.5 font-medium text-sm before:absolute before:z-[-1] before:rounded-md focus:outline-none focus-visible:outline-none dark:focus-visible:outline-none focus-visible:before:ring-inset focus-visible:before:ring-2 focus-visible:before:ring-primary-500 dark:focus-visible:before:ring-primary-400 px-2.5 py-3.5 before:inset-x-0 before:inset-y-2 hover:before:bg-gray-50 dark:hover:before:bg-gray-800/50 after:absolute after:bottom-0 after:inset-x-2.5 after:block after:h-[2px] after:mt-2 after:rounded-full text-gray-500 dark:text-gray-400 hover:text-gray-900 dark:hover:text-white" data-radix-vue-collection-item=""><span class="inline-flex items-center justify-center select-none overflow-hidden rounded-full align-middle bg-gray-100 dark:bg-gray-800 size-5 text-[10px] shrink-0"><img role="img" src="https://avatars.githubusercontent.com/u/739984?v=4" class="h-full w-full rounded-[inherit] object-cover" style="display: none;"><span class="font-medium leading-none text-gray-500 dark:text-gray-400 truncate"></span></span><span class="truncate">Profile</span><span class="ms-auto"><span class="font-medium inline-flex items-center text-xs px-1.5 py-0.5 ring ring-inset ring-gray-300 dark:ring-gray-700 text-gray-700 dark:text-gray-200 bg-gray-50 dark:bg-gray-800 shrink-0 rounded">100</span></span></button></li>
      <li data-menu-item="" class="min-w-0"><a href="/modal" class="group relative w-full flex items-center gap-1.5 font-medium text-sm before:absolute before:z-[-1] before:rounded-md focus:outline-none focus-visible:outline-none dark:focus-visible:outline-none focus-visible:before:ring-inset focus-visible:before:ring-2 focus-visible:before:ring-primary-500 dark:focus-visible:before:ring-primary-400 px-2.5 py-3.5 before:inset-x-0 before:inset-y-2 hover:before:bg-gray-50 dark:hover:before:bg-gray-800/50 after:absolute after:bottom-0 after:inset-x-2.5 after:block after:h-[2px] after:mt-2 after:rounded-full text-gray-500 dark:text-gray-400 hover:text-gray-900 dark:hover:text-white" data-radix-vue-collection-item=""><svg data-v-9533427c="" xmlns="http://www.w3.org/2000/svg" xmlns:xlink="http://www.w3.org/1999/xlink" aria-hidden="true" role="img" class="icon shrink-0 size-5 text-gray-400 dark:text-gray-500 group-hover:text-gray-700 dark:group-hover:text-gray-200" width="1em" height="1em" viewBox="0 0 24 24">
            <path fill="none" stroke="currentColor" stroke-linecap="round" stroke-linejoin="round" stroke-width="1.5" d="m2.25 12l8.955-8.955a1.124 1.124 0 0 1 1.59 0L21.75 12M4.5 9.75v10.125c0 .621.504 1.125 1.125 1.125H9.75v-4.875c0-.621.504-1.125 1.125-1.125h2.25c.621 0 1.125.504 1.125 1.125V21h4.125c.621 0 1.125-.504 1.125-1.125V9.75M8.25 21h8.25"></path>
          </svg><span class="truncate">Modal</span>
          <!--v-if-->
        </a></li>
      <li data-menu-item="" class="min-w-0"><a href="/navigation-menu" class="group relative w-full flex items-center gap-1.5 font-medium text-sm before:absolute before:z-[-1] before:rounded-md focus:outline-none focus-visible:outline-none dark:focus-visible:outline-none focus-visible:before:ring-inset focus-visible:before:ring-2 focus-visible:before:ring-primary-500 dark:focus-visible:before:ring-primary-400 px-2.5 py-3.5 before:inset-x-0 before:inset-y-2 hover:before:bg-gray-50 dark:hover:before:bg-gray-800/50 after:absolute after:bottom-0 after:inset-x-2.5 after:block after:h-[2px] after:mt-2 after:rounded-full text-gray-500 dark:text-gray-400 hover:text-gray-900 dark:hover:text-white" data-radix-vue-collection-item=""><svg data-v-9533427c="" xmlns="http://www.w3.org/2000/svg" xmlns:xlink="http://www.w3.org/1999/xlink" aria-hidden="true" role="img" class="icon shrink-0 size-5 text-gray-400 dark:text-gray-500 group-hover:text-gray-700 dark:group-hover:text-gray-200" width="1em" height="1em" viewBox="0 0 24 24">
            <path fill="none" stroke="currentColor" stroke-linecap="round" stroke-linejoin="round" stroke-width="1.5" d="M3 13.125C3 12.504 3.504 12 4.125 12h2.25c.621 0 1.125.504 1.125 1.125v6.75C7.5 20.496 6.996 21 6.375 21h-2.25A1.125 1.125 0 0 1 3 19.875zm6.75-4.5c0-.621.504-1.125 1.125-1.125h2.25c.621 0 1.125.504 1.125 1.125v11.25c0 .621-.504 1.125-1.125 1.125h-2.25a1.125 1.125 0 0 1-1.125-1.125zm6.75-4.5c0-.621.504-1.125 1.125-1.125h2.25C20.496 3 21 3.504 21 4.125v15.75c0 .621-.504 1.125-1.125 1.125h-2.25a1.125 1.125 0 0 1-1.125-1.125z"></path>
          </svg><span class="truncate">NavigationMenu</span>
          <!--v-if-->
        </a></li>
      <li data-menu-item="" class="min-w-0"><a href="/popover" class="group relative w-full flex items-center gap-1.5 font-medium text-sm before:absolute before:z-[-1] before:rounded-md focus:outline-none focus-visible:outline-none dark:focus-visible:outline-none focus-visible:before:ring-inset focus-visible:before:ring-2 focus-visible:before:ring-primary-500 dark:focus-visible:before:ring-primary-400 px-2.5 py-3.5 before:inset-x-0 before:inset-y-2 hover:before:bg-gray-50 dark:hover:before:bg-gray-800/50 after:absolute after:bottom-0 after:inset-x-2.5 after:block after:h-[2px] after:mt-2 after:rounded-full text-gray-500 dark:text-gray-400 hover:text-gray-900 dark:hover:text-white" data-radix-vue-collection-item=""><svg data-v-9533427c="" xmlns="http://www.w3.org/2000/svg" xmlns:xlink="http://www.w3.org/1999/xlink" aria-hidden="true" role="img" class="icon shrink-0 size-5 text-gray-400 dark:text-gray-500 group-hover:text-gray-700 dark:group-hover:text-gray-200" width="1em" height="1em" viewBox="0 0 24 24">
            <path fill="none" stroke="currentColor" stroke-linecap="round" stroke-linejoin="round" stroke-width="1.5" d="m6.75 7.5l3 2.25l-3 2.25m4.5 0h3m-9 8.25h13.5A2.25 2.25 0 0 0 21 18V6a2.25 2.25 0 0 0-2.25-2.25H5.25A2.25 2.25 0 0 0 3 6v12a2.25 2.25 0 0 0 2.25 2.25"></path>
          </svg><span class="truncate">Popover</span>
          <!--v-if-->
        </a></li>
    </ul>
  </div>
  <!--v-if-->
</nav>"
`;

exports[`NavigationMenu > renders with ui correctly 1`] = `
"<nav aria-label="Main" data-orientation="horizontal" dir="ltr" class="relative flex gap-1.5 w-full items-center justify-between">
  <div style="position: relative;">
    <ul class="isolate flex items-center min-w-0" data-orientation="horizontal">
      <li data-menu-item="" class="min-w-0"><button type="button" class="group relative w-full flex items-center gap-1.5 font-medium text-sm before:absolute before:z-[-1] before:rounded-md focus:outline-none focus-visible:outline-none dark:focus-visible:outline-none focus-visible:before:ring-inset focus-visible:before:ring-2 focus-visible:before:ring-primary-500 dark:focus-visible:before:ring-primary-400 px-2.5 py-3.5 before:inset-x-0 before:inset-y-2 hover:before:bg-gray-50 dark:hover:before:bg-gray-800/50 after:absolute after:bottom-0 after:inset-x-2.5 after:block after:h-[2px] after:mt-2 after:rounded-full text-gray-500 dark:text-gray-400 hover:text-gray-900 dark:hover:text-white" data-radix-vue-collection-item=""><span class="inline-flex items-center justify-center select-none overflow-hidden rounded-full align-middle bg-gray-100 dark:bg-gray-800 size-5 text-[10px] shrink-0"><img role="img" src="https://avatars.githubusercontent.com/u/739984?v=4" class="h-full w-full rounded-[inherit] object-cover" style="display: none;"><span class="font-medium leading-none text-gray-500 dark:text-gray-400 truncate"></span></span><span class="truncate">Profile</span><span class="ms-auto"><span class="font-medium inline-flex items-center text-xs px-1.5 py-0.5 ring ring-inset ring-gray-300 dark:ring-gray-700 text-gray-700 dark:text-gray-200 bg-gray-50 dark:bg-gray-800 shrink-0 rounded">100</span></span></button></li>
      <li data-menu-item="" class="min-w-0"><a href="/modal" class="group relative w-full flex items-center gap-1.5 font-medium text-sm before:absolute before:z-[-1] before:rounded-md focus:outline-none focus-visible:outline-none dark:focus-visible:outline-none focus-visible:before:ring-inset focus-visible:before:ring-2 focus-visible:before:ring-primary-500 dark:focus-visible:before:ring-primary-400 px-2.5 py-3.5 before:inset-x-0 before:inset-y-2 hover:before:bg-gray-50 dark:hover:before:bg-gray-800/50 after:absolute after:bottom-0 after:inset-x-2.5 after:block after:h-[2px] after:mt-2 after:rounded-full text-gray-500 dark:text-gray-400 hover:text-gray-900 dark:hover:text-white" data-radix-vue-collection-item=""><svg data-v-9533427c="" xmlns="http://www.w3.org/2000/svg" xmlns:xlink="http://www.w3.org/1999/xlink" aria-hidden="true" role="img" class="icon shrink-0 size-4 text-gray-400 dark:text-gray-500 group-hover:text-gray-700 dark:group-hover:text-gray-200" width="1em" height="1em" viewBox="0 0 24 24">
            <path fill="none" stroke="currentColor" stroke-linecap="round" stroke-linejoin="round" stroke-width="1.5" d="m2.25 12l8.955-8.955a1.124 1.124 0 0 1 1.59 0L21.75 12M4.5 9.75v10.125c0 .621.504 1.125 1.125 1.125H9.75v-4.875c0-.621.504-1.125 1.125-1.125h2.25c.621 0 1.125.504 1.125 1.125V21h4.125c.621 0 1.125-.504 1.125-1.125V9.75M8.25 21h8.25"></path>
          </svg><span class="truncate">Modal</span>
          <!--v-if-->
        </a></li>
      <li data-menu-item="" class="min-w-0"><a href="/navigation-menu" class="group relative w-full flex items-center gap-1.5 font-medium text-sm before:absolute before:z-[-1] before:rounded-md focus:outline-none focus-visible:outline-none dark:focus-visible:outline-none focus-visible:before:ring-inset focus-visible:before:ring-2 focus-visible:before:ring-primary-500 dark:focus-visible:before:ring-primary-400 px-2.5 py-3.5 before:inset-x-0 before:inset-y-2 hover:before:bg-gray-50 dark:hover:before:bg-gray-800/50 after:absolute after:bottom-0 after:inset-x-2.5 after:block after:h-[2px] after:mt-2 after:rounded-full text-gray-500 dark:text-gray-400 hover:text-gray-900 dark:hover:text-white" data-radix-vue-collection-item=""><svg data-v-9533427c="" xmlns="http://www.w3.org/2000/svg" xmlns:xlink="http://www.w3.org/1999/xlink" aria-hidden="true" role="img" class="icon shrink-0 size-4 text-gray-400 dark:text-gray-500 group-hover:text-gray-700 dark:group-hover:text-gray-200" width="1em" height="1em" viewBox="0 0 24 24">
            <path fill="none" stroke="currentColor" stroke-linecap="round" stroke-linejoin="round" stroke-width="1.5" d="M3 13.125C3 12.504 3.504 12 4.125 12h2.25c.621 0 1.125.504 1.125 1.125v6.75C7.5 20.496 6.996 21 6.375 21h-2.25A1.125 1.125 0 0 1 3 19.875zm6.75-4.5c0-.621.504-1.125 1.125-1.125h2.25c.621 0 1.125.504 1.125 1.125v11.25c0 .621-.504 1.125-1.125 1.125h-2.25a1.125 1.125 0 0 1-1.125-1.125zm6.75-4.5c0-.621.504-1.125 1.125-1.125h2.25C20.496 3 21 3.504 21 4.125v15.75c0 .621-.504 1.125-1.125 1.125h-2.25a1.125 1.125 0 0 1-1.125-1.125z"></path>
          </svg><span class="truncate">NavigationMenu</span>
          <!--v-if-->
        </a></li>
      <li data-menu-item="" class="min-w-0"><a href="/popover" class="group relative w-full flex items-center gap-1.5 font-medium text-sm before:absolute before:z-[-1] before:rounded-md focus:outline-none focus-visible:outline-none dark:focus-visible:outline-none focus-visible:before:ring-inset focus-visible:before:ring-2 focus-visible:before:ring-primary-500 dark:focus-visible:before:ring-primary-400 px-2.5 py-3.5 before:inset-x-0 before:inset-y-2 hover:before:bg-gray-50 dark:hover:before:bg-gray-800/50 after:absolute after:bottom-0 after:inset-x-2.5 after:block after:h-[2px] after:mt-2 after:rounded-full text-gray-500 dark:text-gray-400 hover:text-gray-900 dark:hover:text-white" data-radix-vue-collection-item=""><svg data-v-9533427c="" xmlns="http://www.w3.org/2000/svg" xmlns:xlink="http://www.w3.org/1999/xlink" aria-hidden="true" role="img" class="icon shrink-0 size-4 text-gray-400 dark:text-gray-500 group-hover:text-gray-700 dark:group-hover:text-gray-200" width="1em" height="1em" viewBox="0 0 24 24">
            <path fill="none" stroke="currentColor" stroke-linecap="round" stroke-linejoin="round" stroke-width="1.5" d="m6.75 7.5l3 2.25l-3 2.25m4.5 0h3m-9 8.25h13.5A2.25 2.25 0 0 0 21 18V6a2.25 2.25 0 0 0-2.25-2.25H5.25A2.25 2.25 0 0 0 3 6v12a2.25 2.25 0 0 0 2.25 2.25"></path>
          </svg><span class="truncate">Popover</span>
          <!--v-if-->
        </a></li>
    </ul>
  </div>
  <!--v-if-->
</nav>"
`;

exports[`NavigationMenu > renders with vertical orientation correctly 1`] = `
"<nav aria-label="Main" data-orientation="vertical" dir="ltr" class="relative flex gap-1.5 flex-col">
  <div style="position: relative;">
    <ul class="isolate" data-orientation="vertical">
      <li data-menu-item="" class=""><button type="button" class="group relative w-full flex items-center gap-1.5 font-medium text-sm before:absolute before:z-[-1] before:rounded-md focus:outline-none focus-visible:outline-none dark:focus-visible:outline-none focus-visible:before:ring-inset focus-visible:before:ring-2 focus-visible:before:ring-primary-500 dark:focus-visible:before:ring-primary-400 px-2.5 py-1.5 before:inset-px text-gray-500 dark:text-gray-400 hover:text-gray-900 dark:hover:text-white hover:before:bg-gray-50 dark:hover:before:bg-gray-800/50" data-radix-vue-collection-item=""><span class="inline-flex items-center justify-center select-none overflow-hidden rounded-full align-middle bg-gray-100 dark:bg-gray-800 size-5 text-[10px] shrink-0"><img role="img" src="https://avatars.githubusercontent.com/u/739984?v=4" class="h-full w-full rounded-[inherit] object-cover" style="display: none;"><span class="font-medium leading-none text-gray-500 dark:text-gray-400 truncate"></span></span><span class="truncate">Profile</span><span class="ms-auto"><span class="font-medium inline-flex items-center text-xs px-1.5 py-0.5 ring ring-inset ring-gray-300 dark:ring-gray-700 text-gray-700 dark:text-gray-200 bg-gray-50 dark:bg-gray-800 shrink-0 rounded">100</span></span></button></li>
      <li data-menu-item="" class=""><a href="/modal" class="group relative w-full flex items-center gap-1.5 font-medium text-sm before:absolute before:z-[-1] before:rounded-md focus:outline-none focus-visible:outline-none dark:focus-visible:outline-none focus-visible:before:ring-inset focus-visible:before:ring-2 focus-visible:before:ring-primary-500 dark:focus-visible:before:ring-primary-400 px-2.5 py-1.5 before:inset-px text-gray-500 dark:text-gray-400 hover:text-gray-900 dark:hover:text-white hover:before:bg-gray-50 dark:hover:before:bg-gray-800/50" data-radix-vue-collection-item=""><svg data-v-9533427c="" xmlns="http://www.w3.org/2000/svg" xmlns:xlink="http://www.w3.org/1999/xlink" aria-hidden="true" role="img" class="icon shrink-0 size-5 text-gray-400 dark:text-gray-500 group-hover:text-gray-700 dark:group-hover:text-gray-200" width="1em" height="1em" viewBox="0 0 24 24">
            <path fill="none" stroke="currentColor" stroke-linecap="round" stroke-linejoin="round" stroke-width="1.5" d="m2.25 12l8.955-8.955a1.124 1.124 0 0 1 1.59 0L21.75 12M4.5 9.75v10.125c0 .621.504 1.125 1.125 1.125H9.75v-4.875c0-.621.504-1.125 1.125-1.125h2.25c.621 0 1.125.504 1.125 1.125V21h4.125c.621 0 1.125-.504 1.125-1.125V9.75M8.25 21h8.25"></path>
          </svg><span class="truncate">Modal</span>
          <!--v-if-->
        </a></li>
      <li data-menu-item="" class=""><a href="/navigation-menu" class="group relative w-full flex items-center gap-1.5 font-medium text-sm before:absolute before:z-[-1] before:rounded-md focus:outline-none focus-visible:outline-none dark:focus-visible:outline-none focus-visible:before:ring-inset focus-visible:before:ring-2 focus-visible:before:ring-primary-500 dark:focus-visible:before:ring-primary-400 px-2.5 py-1.5 before:inset-px text-gray-500 dark:text-gray-400 hover:text-gray-900 dark:hover:text-white hover:before:bg-gray-50 dark:hover:before:bg-gray-800/50" data-radix-vue-collection-item=""><svg data-v-9533427c="" xmlns="http://www.w3.org/2000/svg" xmlns:xlink="http://www.w3.org/1999/xlink" aria-hidden="true" role="img" class="icon shrink-0 size-5 text-gray-400 dark:text-gray-500 group-hover:text-gray-700 dark:group-hover:text-gray-200" width="1em" height="1em" viewBox="0 0 24 24">
            <path fill="none" stroke="currentColor" stroke-linecap="round" stroke-linejoin="round" stroke-width="1.5" d="M3 13.125C3 12.504 3.504 12 4.125 12h2.25c.621 0 1.125.504 1.125 1.125v6.75C7.5 20.496 6.996 21 6.375 21h-2.25A1.125 1.125 0 0 1 3 19.875zm6.75-4.5c0-.621.504-1.125 1.125-1.125h2.25c.621 0 1.125.504 1.125 1.125v11.25c0 .621-.504 1.125-1.125 1.125h-2.25a1.125 1.125 0 0 1-1.125-1.125zm6.75-4.5c0-.621.504-1.125 1.125-1.125h2.25C20.496 3 21 3.504 21 4.125v15.75c0 .621-.504 1.125-1.125 1.125h-2.25a1.125 1.125 0 0 1-1.125-1.125z"></path>
          </svg><span class="truncate">NavigationMenu</span>
          <!--v-if-->
        </a></li>
      <li data-menu-item="" class=""><a href="/popover" class="group relative w-full flex items-center gap-1.5 font-medium text-sm before:absolute before:z-[-1] before:rounded-md focus:outline-none focus-visible:outline-none dark:focus-visible:outline-none focus-visible:before:ring-inset focus-visible:before:ring-2 focus-visible:before:ring-primary-500 dark:focus-visible:before:ring-primary-400 px-2.5 py-1.5 before:inset-px text-gray-500 dark:text-gray-400 hover:text-gray-900 dark:hover:text-white hover:before:bg-gray-50 dark:hover:before:bg-gray-800/50" data-radix-vue-collection-item=""><svg data-v-9533427c="" xmlns="http://www.w3.org/2000/svg" xmlns:xlink="http://www.w3.org/1999/xlink" aria-hidden="true" role="img" class="icon shrink-0 size-5 text-gray-400 dark:text-gray-500 group-hover:text-gray-700 dark:group-hover:text-gray-200" width="1em" height="1em" viewBox="0 0 24 24">
            <path fill="none" stroke="currentColor" stroke-linecap="round" stroke-linejoin="round" stroke-width="1.5" d="m6.75 7.5l3 2.25l-3 2.25m4.5 0h3m-9 8.25h13.5A2.25 2.25 0 0 0 21 18V6a2.25 2.25 0 0 0-2.25-2.25H5.25A2.25 2.25 0 0 0 3 6v12a2.25 2.25 0 0 0 2.25 2.25"></path>
          </svg><span class="truncate">Popover</span>
          <!--v-if-->
        </a></li>
    </ul>
  </div>
  <!--v-if-->
</nav>"
`;
