// Vitest Snapshot v1, https://vitest.dev/guide/snapshot.html

exports[`Slider > renders with class correctly 1`] = `
"<span data-slider-impl="" dir="ltr" data-orientation="horizontal" style="--radix-slider-thumb-transform: translateX(-50%);" class="relative flex items-center select-none touch-none h-4 w-48" aria-disabled="false"><span data-orientation="horizontal" class="relative bg-gray-200 dark:bg-gray-700 overflow-hidden rounded-full grow h-2"><span data-orientation="horizontal" style="left: 0%; right: 100%;" class="absolute rounded-full bg-primary-500 dark:bg-primary-400 h-full"></span></span>
<div class="rounded-full bg-white dark:bg-gray-900 ring-2 focus:outline-none focus-visible:outline-2 focus-visible:outline-offset-2 ring-primary-500 dark:ring-primary-400 focus-visible:outline-primary-500/50 dark:focus-visible:outline-primary-400/50 size-4" role="slider" data-radix-vue-collection-item="" tabindex="0" data-orientation="horizontal" aria-valuemin="0" aria-valuemax="100" aria-orientation="horizontal" style="transform: var(--radix-slider-thumb-transform); position: absolute; left: calc(0% + 0px);" aria-valuenow="0"></div></span>
<!---->"
`;

exports[`Slider > renders with color green correctly 1`] = `
"<span data-slider-impl="" dir="ltr" data-orientation="horizontal" style="--radix-slider-thumb-transform: translateX(-50%);" class="relative flex items-center select-none touch-none w-full h-4" aria-disabled="false"><span data-orientation="horizontal" class="relative bg-gray-200 dark:bg-gray-700 overflow-hidden rounded-full grow h-2"><span data-orientation="horizontal" style="left: 0%; right: 100%;" class="absolute rounded-full bg-green-500 dark:bg-green-400 h-full"></span></span>
<div class="rounded-full bg-white dark:bg-gray-900 ring-2 focus:outline-none focus-visible:outline-2 focus-visible:outline-offset-2 ring-green-500 dark:ring-green-400 focus-visible:outline-green-500/50 dark:focus-visible:outline-green-400/50 size-4" role="slider" data-radix-vue-collection-item="" tabindex="0" data-orientation="horizontal" aria-valuemin="0" aria-valuemax="100" aria-orientation="horizontal" style="transform: var(--radix-slider-thumb-transform); position: absolute; left: calc(0% + 0px);" aria-valuenow="0"></div></span>
<!---->"
`;

exports[`Slider > renders with color primary correctly 1`] = `
"<span data-slider-impl="" dir="ltr" data-orientation="horizontal" style="--radix-slider-thumb-transform: translateX(-50%);" class="relative flex items-center select-none touch-none w-full h-4" aria-disabled="false"><span data-orientation="horizontal" class="relative bg-gray-200 dark:bg-gray-700 overflow-hidden rounded-full grow h-2"><span data-orientation="horizontal" style="left: 0%; right: 100%;" class="absolute rounded-full bg-primary-500 dark:bg-primary-400 h-full"></span></span>
<div class="rounded-full bg-white dark:bg-gray-900 ring-2 focus:outline-none focus-visible:outline-2 focus-visible:outline-offset-2 ring-primary-500 dark:ring-primary-400 focus-visible:outline-primary-500/50 dark:focus-visible:outline-primary-400/50 size-4" role="slider" data-radix-vue-collection-item="" tabindex="0" data-orientation="horizontal" aria-valuemin="0" aria-valuemax="100" aria-orientation="horizontal" style="transform: var(--radix-slider-thumb-transform); position: absolute; left: calc(0% + 0px);" aria-valuenow="0"></div></span>
<!---->"
`;

exports[`Slider > renders with color red correctly 1`] = `
"<span data-slider-impl="" dir="ltr" data-orientation="horizontal" style="--radix-slider-thumb-transform: translateX(-50%);" class="relative flex items-center select-none touch-none w-full h-4" aria-disabled="false"><span data-orientation="horizontal" class="relative bg-gray-200 dark:bg-gray-700 overflow-hidden rounded-full grow h-2"><span data-orientation="horizontal" style="left: 0%; right: 100%;" class="absolute rounded-full bg-red-500 dark:bg-red-400 h-full"></span></span>
<div class="rounded-full bg-white dark:bg-gray-900 ring-2 focus:outline-none focus-visible:outline-2 focus-visible:outline-offset-2 ring-red-500 dark:ring-red-400 focus-visible:outline-red-500/50 dark:focus-visible:outline-red-400/50 size-4" role="slider" data-radix-vue-collection-item="" tabindex="0" data-orientation="horizontal" aria-valuemin="0" aria-valuemax="100" aria-orientation="horizontal" style="transform: var(--radix-slider-thumb-transform); position: absolute; left: calc(0% + 0px);" aria-valuenow="0"></div></span>
<!---->"
`;

exports[`Slider > renders with defaultValue correctly 1`] = `
"<span data-slider-impl="" dir="ltr" data-orientation="horizontal" style="--radix-slider-thumb-transform: translateX(-50%);" class="relative flex items-center select-none touch-none w-full h-4" aria-disabled="false"><span data-orientation="horizontal" class="relative bg-gray-200 dark:bg-gray-700 overflow-hidden rounded-full grow h-2"><span data-orientation="horizontal" style="left: 0%; right: 90%;" class="absolute rounded-full bg-primary-500 dark:bg-primary-400 h-full"></span></span>
<div class="rounded-full bg-white dark:bg-gray-900 ring-2 focus:outline-none focus-visible:outline-2 focus-visible:outline-offset-2 ring-primary-500 dark:ring-primary-400 focus-visible:outline-primary-500/50 dark:focus-visible:outline-primary-400/50 size-4" role="slider" data-radix-vue-collection-item="" tabindex="0" data-orientation="horizontal" aria-valuemin="0" aria-valuemax="100" aria-orientation="horizontal" style="transform: var(--radix-slider-thumb-transform); position: absolute; left: calc(10% + 0px);" aria-valuenow="10"></div></span>
<!---->"
`;

exports[`Slider > renders with disabled correctly 1`] = `
"<span data-slider-impl="" dir="ltr" data-orientation="horizontal" style="--radix-slider-thumb-transform: translateX(-50%);" class="relative flex items-center select-none touch-none w-full opacity-75 cursor-not-allowed h-4" aria-disabled="true" data-disabled=""><span data-disabled="" data-orientation="horizontal" class="relative bg-gray-200 dark:bg-gray-700 overflow-hidden rounded-full grow h-2"><span data-disabled="" data-orientation="horizontal" style="left: 0%; right: 100%;" class="absolute rounded-full bg-primary-500 dark:bg-primary-400 h-full"></span></span>
<div class="rounded-full bg-white dark:bg-gray-900 ring-2 focus:outline-none focus-visible:outline-2 focus-visible:outline-offset-2 ring-primary-500 dark:ring-primary-400 focus-visible:outline-primary-500/50 dark:focus-visible:outline-primary-400/50 size-4" role="slider" data-radix-vue-collection-item="" data-disabled="" data-orientation="horizontal" aria-valuemin="0" aria-valuemax="100" aria-orientation="horizontal" style="transform: var(--radix-slider-thumb-transform); position: absolute; left: calc(0% + 0px);" aria-valuenow="0"></div></span>
<!---->"
`;

exports[`Slider > renders with inverted correctly 1`] = `
"<span data-slider-impl="" dir="ltr" data-orientation="horizontal" style="--radix-slider-thumb-transform: translateX(-50%);" class="relative flex items-center select-none touch-none w-full h-4" aria-disabled="false"><span data-orientation="horizontal" class="relative bg-gray-200 dark:bg-gray-700 overflow-hidden rounded-full grow h-2"><span data-orientation="horizontal" style="right: 0%; left: 100%;" class="absolute rounded-full bg-primary-500 dark:bg-primary-400 h-full"></span></span>
<div class="rounded-full bg-white dark:bg-gray-900 ring-2 focus:outline-none focus-visible:outline-2 focus-visible:outline-offset-2 ring-primary-500 dark:ring-primary-400 focus-visible:outline-primary-500/50 dark:focus-visible:outline-primary-400/50 size-4" role="slider" data-radix-vue-collection-item="" tabindex="0" data-orientation="horizontal" aria-valuemin="0" aria-valuemax="100" aria-orientation="horizontal" style="transform: var(--radix-slider-thumb-transform); position: absolute; right: calc(0% + 0px);" aria-valuenow="0"></div></span>
<!---->"
`;

exports[`Slider > renders with min max step correctly 1`] = `
"<span data-slider-impl="" dir="ltr" data-orientation="horizontal" style="--radix-slider-thumb-transform: translateX(-50%);" class="relative flex items-center select-none touch-none w-full h-4" aria-disabled="false"><span data-orientation="horizontal" class="relative bg-gray-200 dark:bg-gray-700 overflow-hidden rounded-full grow h-2"><span data-orientation="horizontal" style="left: 0%; right: 100%;" class="absolute rounded-full bg-primary-500 dark:bg-primary-400 h-full"></span></span>
<div class="rounded-full bg-white dark:bg-gray-900 ring-2 focus:outline-none focus-visible:outline-2 focus-visible:outline-offset-2 ring-primary-500 dark:ring-primary-400 focus-visible:outline-primary-500/50 dark:focus-visible:outline-primary-400/50 size-4" role="slider" data-radix-vue-collection-item="" tabindex="0" data-orientation="horizontal" aria-valuemin="4" aria-valuemax="12" aria-orientation="horizontal" style="transform: var(--radix-slider-thumb-transform); position: absolute; left: calc(0% + 0px);" aria-valuenow="0"></div></span>
<!---->"
`;

exports[`Slider > renders with min steps between thumbs correctly 1`] = `
"<span data-slider-impl="" dir="ltr" data-orientation="horizontal" style="--radix-slider-thumb-transform: translateX(-50%);" class="relative flex items-center select-none touch-none w-full h-4" aria-disabled="false"><span data-orientation="horizontal" class="relative bg-gray-200 dark:bg-gray-700 overflow-hidden rounded-full grow h-2"><span data-orientation="horizontal" style="left: 0%; right: 70%;" class="absolute rounded-full bg-primary-500 dark:bg-primary-400 h-full"></span></span>
<div class="rounded-full bg-white dark:bg-gray-900 ring-2 focus:outline-none focus-visible:outline-2 focus-visible:outline-offset-2 ring-primary-500 dark:ring-primary-400 focus-visible:outline-primary-500/50 dark:focus-visible:outline-primary-400/50 size-4" role="slider" data-radix-vue-collection-item="" tabindex="0" data-orientation="horizontal" aria-valuemin="0" aria-valuemax="100" aria-orientation="horizontal" style="transform: var(--radix-slider-thumb-transform); position: absolute; left: calc(0% + 0px);" aria-label="Minimum" aria-valuenow="0"></div>
<div class="rounded-full bg-white dark:bg-gray-900 ring-2 focus:outline-none focus-visible:outline-2 focus-visible:outline-offset-2 ring-primary-500 dark:ring-primary-400 focus-visible:outline-primary-500/50 dark:focus-visible:outline-primary-400/50 size-4" role="slider" data-radix-vue-collection-item="" tabindex="0" data-orientation="horizontal" aria-valuemin="0" aria-valuemax="100" aria-orientation="horizontal" style="transform: var(--radix-slider-thumb-transform); position: absolute; left: calc(30% + 0px);" aria-label="Maximum" aria-valuenow="30"></div></span>
<!---->"
`;

exports[`Slider > renders with multiple thumbs correctly 1`] = `
"<span data-slider-impl="" dir="ltr" data-orientation="horizontal" style="--radix-slider-thumb-transform: translateX(-50%);" class="relative flex items-center select-none touch-none w-full h-4" aria-disabled="false"><span data-orientation="horizontal" class="relative bg-gray-200 dark:bg-gray-700 overflow-hidden rounded-full grow h-2"><span data-orientation="horizontal" style="left: 0%; right: 90%;" class="absolute rounded-full bg-primary-500 dark:bg-primary-400 h-full"></span></span>
<div class="rounded-full bg-white dark:bg-gray-900 ring-2 focus:outline-none focus-visible:outline-2 focus-visible:outline-offset-2 ring-primary-500 dark:ring-primary-400 focus-visible:outline-primary-500/50 dark:focus-visible:outline-primary-400/50 size-4" role="slider" data-radix-vue-collection-item="" tabindex="0" data-orientation="horizontal" aria-valuemin="0" aria-valuemax="100" aria-orientation="horizontal" style="transform: var(--radix-slider-thumb-transform); position: absolute; left: calc(0% + 0px);" aria-label="Minimum" aria-valuenow="0"></div>
<div class="rounded-full bg-white dark:bg-gray-900 ring-2 focus:outline-none focus-visible:outline-2 focus-visible:outline-offset-2 ring-primary-500 dark:ring-primary-400 focus-visible:outline-primary-500/50 dark:focus-visible:outline-primary-400/50 size-4" role="slider" data-radix-vue-collection-item="" tabindex="0" data-orientation="horizontal" aria-valuemin="0" aria-valuemax="100" aria-orientation="horizontal" style="transform: var(--radix-slider-thumb-transform); position: absolute; left: calc(10% + 0px);" aria-label="Maximum" aria-valuenow="10"></div></span>
<!---->"
`;

exports[`Slider > renders with name correctly 1`] = `
"<span data-slider-impl="" dir="ltr" data-orientation="horizontal" style="--radix-slider-thumb-transform: translateX(-50%);" class="relative flex items-center select-none touch-none w-full h-4" aria-disabled="false"><span data-orientation="horizontal" class="relative bg-gray-200 dark:bg-gray-700 overflow-hidden rounded-full grow h-2"><span data-orientation="horizontal" style="left: 0%; right: 100%;" class="absolute rounded-full bg-primary-500 dark:bg-primary-400 h-full"></span></span>
<div class="rounded-full bg-white dark:bg-gray-900 ring-2 focus:outline-none focus-visible:outline-2 focus-visible:outline-offset-2 ring-primary-500 dark:ring-primary-400 focus-visible:outline-primary-500/50 dark:focus-visible:outline-primary-400/50 size-4" role="slider" data-radix-vue-collection-item="" tabindex="0" data-orientation="horizontal" aria-valuemin="0" aria-valuemax="100" aria-orientation="horizontal" style="transform: var(--radix-slider-thumb-transform); position: absolute; left: calc(0% + 0px);" aria-valuenow="0"></div></span>
<!---->"
`;

exports[`Slider > renders with orientation correctly 1`] = `
"<span data-slider-impl="" data-orientation="vertical" style="--radix-slider-thumb-transform: translateY(50%);" class="relative flex items-center select-none touch-none flex-col h-full w-4" dir="ltr" aria-disabled="false"><span data-orientation="vertical" class="relative bg-gray-200 dark:bg-gray-700 overflow-hidden rounded-full grow w-2"><span data-orientation="vertical" style="bottom: 0%; top: 100%;" class="absolute rounded-full bg-primary-500 dark:bg-primary-400 w-full"></span></span>
<div class="rounded-full bg-white dark:bg-gray-900 ring-2 focus:outline-none focus-visible:outline-2 focus-visible:outline-offset-2 ring-primary-500 dark:ring-primary-400 focus-visible:outline-primary-500/50 dark:focus-visible:outline-primary-400/50 size-4" role="slider" data-radix-vue-collection-item="" tabindex="0" data-orientation="vertical" aria-valuemin="0" aria-valuemax="100" aria-orientation="vertical" style="transform: var(--radix-slider-thumb-transform); position: absolute; bottom: calc(0% + 0px);" aria-valuenow="0"></div></span>
<!---->"
`;

exports[`Slider > renders with size lg correctly 1`] = `
"<span data-slider-impl="" dir="ltr" data-orientation="horizontal" style="--radix-slider-thumb-transform: translateX(-50%);" class="relative flex items-center select-none touch-none w-full h-5" aria-disabled="false"><span data-orientation="horizontal" class="relative bg-gray-200 dark:bg-gray-700 overflow-hidden rounded-full grow h-3"><span data-orientation="horizontal" style="left: 0%; right: 100%;" class="absolute rounded-full bg-primary-500 dark:bg-primary-400 h-full"></span></span>
<div class="rounded-full bg-white dark:bg-gray-900 ring-2 focus:outline-none focus-visible:outline-2 focus-visible:outline-offset-2 ring-primary-500 dark:ring-primary-400 focus-visible:outline-primary-500/50 dark:focus-visible:outline-primary-400/50 size-5" role="slider" data-radix-vue-collection-item="" tabindex="0" data-orientation="horizontal" aria-valuemin="0" aria-valuemax="100" aria-orientation="horizontal" style="transform: var(--radix-slider-thumb-transform); position: absolute; left: calc(0% + 0px);" aria-valuenow="0"></div></span>
<!---->"
`;

exports[`Slider > renders with size md correctly 1`] = `
"<span data-slider-impl="" dir="ltr" data-orientation="horizontal" style="--radix-slider-thumb-transform: translateX(-50%);" class="relative flex items-center select-none touch-none w-full h-4" aria-disabled="false"><span data-orientation="horizontal" class="relative bg-gray-200 dark:bg-gray-700 overflow-hidden rounded-full grow h-2"><span data-orientation="horizontal" style="left: 0%; right: 100%;" class="absolute rounded-full bg-primary-500 dark:bg-primary-400 h-full"></span></span>
<div class="rounded-full bg-white dark:bg-gray-900 ring-2 focus:outline-none focus-visible:outline-2 focus-visible:outline-offset-2 ring-primary-500 dark:ring-primary-400 focus-visible:outline-primary-500/50 dark:focus-visible:outline-primary-400/50 size-4" role="slider" data-radix-vue-collection-item="" tabindex="0" data-orientation="horizontal" aria-valuemin="0" aria-valuemax="100" aria-orientation="horizontal" style="transform: var(--radix-slider-thumb-transform); position: absolute; left: calc(0% + 0px);" aria-valuenow="0"></div></span>
<!---->"
`;

exports[`Slider > renders with size sm correctly 1`] = `
"<span data-slider-impl="" dir="ltr" data-orientation="horizontal" style="--radix-slider-thumb-transform: translateX(-50%);" class="relative flex items-center select-none touch-none w-full h-3" aria-disabled="false"><span data-orientation="horizontal" class="relative bg-gray-200 dark:bg-gray-700 overflow-hidden rounded-full grow h-1"><span data-orientation="horizontal" style="left: 0%; right: 100%;" class="absolute rounded-full bg-primary-500 dark:bg-primary-400 h-full"></span></span>
<div class="rounded-full bg-white dark:bg-gray-900 ring-2 focus:outline-none focus-visible:outline-2 focus-visible:outline-offset-2 ring-primary-500 dark:ring-primary-400 focus-visible:outline-primary-500/50 dark:focus-visible:outline-primary-400/50 size-3" role="slider" data-radix-vue-collection-item="" tabindex="0" data-orientation="horizontal" aria-valuemin="0" aria-valuemax="100" aria-orientation="horizontal" style="transform: var(--radix-slider-thumb-transform); position: absolute; left: calc(0% + 0px);" aria-valuenow="0"></div></span>
<!---->"
`;

exports[`Slider > renders with size xl correctly 1`] = `
"<span data-slider-impl="" dir="ltr" data-orientation="horizontal" style="--radix-slider-thumb-transform: translateX(-50%);" class="relative flex items-center select-none touch-none w-full h-6" aria-disabled="false"><span data-orientation="horizontal" class="relative bg-gray-200 dark:bg-gray-700 overflow-hidden rounded-full grow h-4"><span data-orientation="horizontal" style="left: 0%; right: 100%;" class="absolute rounded-full bg-primary-500 dark:bg-primary-400 h-full"></span></span>
<div class="rounded-full bg-white dark:bg-gray-900 ring-2 focus:outline-none focus-visible:outline-2 focus-visible:outline-offset-2 ring-primary-500 dark:ring-primary-400 focus-visible:outline-primary-500/50 dark:focus-visible:outline-primary-400/50 size-6" role="slider" data-radix-vue-collection-item="" tabindex="0" data-orientation="horizontal" aria-valuemin="0" aria-valuemax="100" aria-orientation="horizontal" style="transform: var(--radix-slider-thumb-transform); position: absolute; left: calc(0% + 0px);" aria-valuenow="0"></div></span>
<!---->"
`;

exports[`Slider > renders with size xs correctly 1`] = `
"<span data-slider-impl="" dir="ltr" data-orientation="horizontal" style="--radix-slider-thumb-transform: translateX(-50%);" class="relative flex items-center select-none touch-none w-full h-2" aria-disabled="false"><span data-orientation="horizontal" class="relative bg-gray-200 dark:bg-gray-700 overflow-hidden rounded-full grow h-0.5"><span data-orientation="horizontal" style="left: 0%; right: 100%;" class="absolute rounded-full bg-primary-500 dark:bg-primary-400 h-full"></span></span>
<div class="rounded-full bg-white dark:bg-gray-900 ring-2 focus:outline-none focus-visible:outline-2 focus-visible:outline-offset-2 ring-primary-500 dark:ring-primary-400 focus-visible:outline-primary-500/50 dark:focus-visible:outline-primary-400/50 size-2" role="slider" data-radix-vue-collection-item="" tabindex="0" data-orientation="horizontal" aria-valuemin="0" aria-valuemax="100" aria-orientation="horizontal" style="transform: var(--radix-slider-thumb-transform); position: absolute; left: calc(0% + 0px);" aria-valuenow="0"></div></span>
<!---->"
`;

exports[`Slider > renders with ui correctly 1`] = `
"<span data-slider-impl="" dir="ltr" data-orientation="horizontal" style="--radix-slider-thumb-transform: translateX(-50%);" class="relative flex items-center select-none touch-none w-full h-4" aria-disabled="false"><span data-orientation="horizontal" class="relative overflow-hidden rounded-full grow bg-gray-100 dark:bg-gray-800 h-2"><span data-orientation="horizontal" style="left: 0%; right: 100%;" class="absolute rounded-full bg-primary-500 dark:bg-primary-400 h-full"></span></span>
<div class="rounded-full bg-white dark:bg-gray-900 ring-2 focus:outline-none focus-visible:outline-2 focus-visible:outline-offset-2 ring-primary-500 dark:ring-primary-400 focus-visible:outline-primary-500/50 dark:focus-visible:outline-primary-400/50 size-4" role="slider" data-radix-vue-collection-item="" tabindex="0" data-orientation="horizontal" aria-valuemin="0" aria-valuemax="100" aria-orientation="horizontal" style="transform: var(--radix-slider-thumb-transform); position: absolute; left: calc(0% + 0px);" aria-valuenow="0"></div></span>
<!---->"
`;
