// Vitest Snapshot v1, https://vitest.dev/guide/snapshot.html

exports[`Tabs > renders basic case correctly 1`] = `
"<div dir="ltr" data-orientation="horizontal" class="flex data-[orientation=horizontal]:flex-col items-center gap-2">
  <div role="tablist" aria-orientation="horizontal" data-orientation="horizontal" dir="ltr" style="outline-color: none; outline-style: none; outline-width: initial;" class="relative w-full flex data-[orientation=vertical]:flex-col data-[orientation=vertical]:items-center justify-center rounded-lg bg-gray-50 dark:bg-gray-800 data-[orientation=horizontal]:h-10 p-1 group" tabindex="0">
    <div style="--radix-tabs-indicator-size: 0px; --radix-tabs-indicator-position: 0px;" class="absolute group-data-[orientation=horizontal]:left-0 group-data-[orientation=vertical]:top-0 group-data-[orientation=horizontal]:inset-y-1 group-data-[orientation=vertical]:inset-x-1 group-data-[orientation=horizontal]:w-[--radix-tabs-indicator-size] group-data-[orientation=vertical]:h-[--radix-tabs-indicator-size] group-data-[orientation=horizontal]:translate-x-[--radix-tabs-indicator-position] group-data-[orientation=vertical]:translate-y-[--radix-tabs-indicator-position] transition-transform duration-200 bg-white dark:bg-gray-900 rounded-md shadow-sm"></div><button id="radix-vue-tabs-1-trigger-0" role="tab" type="button" aria-selected="true" aria-controls="radix-vue-tabs-1-content-0" data-state="active" data-orientation="horizontal" data-radix-vue-collection-item="" tabindex="-1" data-active="true" class="relative inline-flex items-center justify-center shrink-0 w-full h-8 text-gray-500 data-[state=active]:text-gray-900 dark:text-gray-400 dark:data-[state=active]:text-white px-3 text-sm font-medium rounded-md disabled:cursor-not-allowed disabled:opacity-75 transition-colors duration-200 ease-out focus-visible:ring-2 focus-visible:ring-primary-500 dark:focus-visible:ring-primary-400 focus:outline-none"><span class="truncate">Tab1</span></button><button id="radix-vue-tabs-1-trigger-1" role="tab" type="button" aria-selected="false" aria-controls="radix-vue-tabs-1-content-1" data-state="inactive" data-orientation="horizontal" data-radix-vue-collection-item="" tabindex="-1" data-active="false" class="relative inline-flex items-center justify-center shrink-0 w-full h-8 text-gray-500 data-[state=active]:text-gray-900 dark:text-gray-400 dark:data-[state=active]:text-white px-3 text-sm font-medium rounded-md disabled:cursor-not-allowed disabled:opacity-75 transition-colors duration-200 ease-out focus-visible:ring-2 focus-visible:ring-primary-500 dark:focus-visible:ring-primary-400 focus:outline-none"><span class="truncate">Tab2</span></button><button id="radix-vue-tabs-1-trigger-2" role="tab" type="button" aria-selected="false" aria-controls="radix-vue-tabs-1-content-2" data-state="inactive" data-orientation="horizontal" data-radix-vue-collection-item="" tabindex="-1" data-active="false" class="relative inline-flex items-center justify-center shrink-0 w-full h-8 text-gray-500 data-[state=active]:text-gray-900 dark:text-gray-400 dark:data-[state=active]:text-white px-3 text-sm font-medium rounded-md disabled:cursor-not-allowed disabled:opacity-75 transition-colors duration-200 ease-out focus-visible:ring-2 focus-visible:ring-primary-500 dark:focus-visible:ring-primary-400 focus:outline-none"><span class="truncate">Tab3</span></button>
  </div>
  <div id="radix-vue-tabs-1-content-0" role="tabpanel" data-state="active" data-orientation="horizontal" aria-labelledby="radix-vue-tabs-1-trigger-0" tabindex="0" style="animation-duration: 0s;" class="focus:outline-none">This is the content shown for Tab1</div>
  <div id="radix-vue-tabs-1-content-1" role="tabpanel" data-state="inactive" data-orientation="horizontal" aria-labelledby="radix-vue-tabs-1-trigger-1" hidden="" tabindex="0" class="focus:outline-none">And, this is the content for Tab2</div>
  <div id="radix-vue-tabs-1-content-2" role="tabpanel" data-state="inactive" data-orientation="horizontal" aria-labelledby="radix-vue-tabs-1-trigger-2" hidden="" tabindex="0" class="focus:outline-none">Finally, this is the content for Tab3</div>
</div>"
`;

exports[`Tabs > renders with class correctly 1`] = `
"<div dir="ltr" data-orientation="horizontal" class="flex data-[orientation=horizontal]:flex-col items-center gap-2 w-96">
  <div role="tablist" aria-orientation="horizontal" data-orientation="horizontal" dir="ltr" style="outline-color: none; outline-style: none; outline-width: initial;" class="relative w-full flex data-[orientation=vertical]:flex-col data-[orientation=vertical]:items-center justify-center rounded-lg bg-gray-50 dark:bg-gray-800 data-[orientation=horizontal]:h-10 p-1 group" tabindex="0">
    <div style="--radix-tabs-indicator-size: 0px; --radix-tabs-indicator-position: 0px;" class="absolute group-data-[orientation=horizontal]:left-0 group-data-[orientation=vertical]:top-0 group-data-[orientation=horizontal]:inset-y-1 group-data-[orientation=vertical]:inset-x-1 group-data-[orientation=horizontal]:w-[--radix-tabs-indicator-size] group-data-[orientation=vertical]:h-[--radix-tabs-indicator-size] group-data-[orientation=horizontal]:translate-x-[--radix-tabs-indicator-position] group-data-[orientation=vertical]:translate-y-[--radix-tabs-indicator-position] transition-transform duration-200 bg-white dark:bg-gray-900 rounded-md shadow-sm"></div><button id="radix-vue-tabs-5-trigger-0" role="tab" type="button" aria-selected="true" aria-controls="radix-vue-tabs-5-content-0" data-state="active" data-orientation="horizontal" data-radix-vue-collection-item="" tabindex="-1" data-active="true" class="relative inline-flex items-center justify-center shrink-0 w-full h-8 text-gray-500 data-[state=active]:text-gray-900 dark:text-gray-400 dark:data-[state=active]:text-white px-3 text-sm font-medium rounded-md disabled:cursor-not-allowed disabled:opacity-75 transition-colors duration-200 ease-out focus-visible:ring-2 focus-visible:ring-primary-500 dark:focus-visible:ring-primary-400 focus:outline-none"><span class="truncate">Tab1</span></button><button id="radix-vue-tabs-5-trigger-1" role="tab" type="button" aria-selected="false" aria-controls="radix-vue-tabs-5-content-1" data-state="inactive" data-orientation="horizontal" data-radix-vue-collection-item="" tabindex="-1" data-active="false" class="relative inline-flex items-center justify-center shrink-0 w-full h-8 text-gray-500 data-[state=active]:text-gray-900 dark:text-gray-400 dark:data-[state=active]:text-white px-3 text-sm font-medium rounded-md disabled:cursor-not-allowed disabled:opacity-75 transition-colors duration-200 ease-out focus-visible:ring-2 focus-visible:ring-primary-500 dark:focus-visible:ring-primary-400 focus:outline-none"><span class="truncate">Tab2</span></button><button id="radix-vue-tabs-5-trigger-2" role="tab" type="button" aria-selected="false" aria-controls="radix-vue-tabs-5-content-2" data-state="inactive" data-orientation="horizontal" data-radix-vue-collection-item="" tabindex="-1" data-active="false" class="relative inline-flex items-center justify-center shrink-0 w-full h-8 text-gray-500 data-[state=active]:text-gray-900 dark:text-gray-400 dark:data-[state=active]:text-white px-3 text-sm font-medium rounded-md disabled:cursor-not-allowed disabled:opacity-75 transition-colors duration-200 ease-out focus-visible:ring-2 focus-visible:ring-primary-500 dark:focus-visible:ring-primary-400 focus:outline-none"><span class="truncate">Tab3</span></button>
  </div>
  <div id="radix-vue-tabs-5-content-0" role="tabpanel" data-state="active" data-orientation="horizontal" aria-labelledby="radix-vue-tabs-5-trigger-0" tabindex="0" style="animation-duration: 0s;" class="focus:outline-none">This is the content shown for Tab1</div>
  <div id="radix-vue-tabs-5-content-1" role="tabpanel" data-state="inactive" data-orientation="horizontal" aria-labelledby="radix-vue-tabs-5-trigger-1" hidden="" tabindex="0" class="focus:outline-none">And, this is the content for Tab2</div>
  <div id="radix-vue-tabs-5-content-2" role="tabpanel" data-state="inactive" data-orientation="horizontal" aria-labelledby="radix-vue-tabs-5-trigger-2" hidden="" tabindex="0" class="focus:outline-none">Finally, this is the content for Tab3</div>
</div>"
`;

exports[`Tabs > renders with content slot correctly 1`] = `
"<div dir="ltr" data-orientation="horizontal" class="flex data-[orientation=horizontal]:flex-col items-center gap-2">
  <div role="tablist" aria-orientation="horizontal" data-orientation="horizontal" dir="ltr" style="outline-color: none; outline-style: none; outline-width: initial;" class="relative w-full flex data-[orientation=vertical]:flex-col data-[orientation=vertical]:items-center justify-center rounded-lg bg-gray-50 dark:bg-gray-800 data-[orientation=horizontal]:h-10 p-1 group" tabindex="0">
    <div style="--radix-tabs-indicator-size: 0px; --radix-tabs-indicator-position: 0px;" class="absolute group-data-[orientation=horizontal]:left-0 group-data-[orientation=vertical]:top-0 group-data-[orientation=horizontal]:inset-y-1 group-data-[orientation=vertical]:inset-x-1 group-data-[orientation=horizontal]:w-[--radix-tabs-indicator-size] group-data-[orientation=vertical]:h-[--radix-tabs-indicator-size] group-data-[orientation=horizontal]:translate-x-[--radix-tabs-indicator-position] group-data-[orientation=vertical]:translate-y-[--radix-tabs-indicator-position] transition-transform duration-200 bg-white dark:bg-gray-900 rounded-md shadow-sm"></div><button id="radix-vue-tabs-29-trigger-0" role="tab" type="button" aria-selected="true" aria-controls="radix-vue-tabs-29-content-0" data-state="active" data-orientation="horizontal" data-radix-vue-collection-item="" tabindex="-1" data-active="true" class="relative inline-flex items-center justify-center shrink-0 w-full h-8 text-gray-500 data-[state=active]:text-gray-900 dark:text-gray-400 dark:data-[state=active]:text-white px-3 text-sm font-medium rounded-md disabled:cursor-not-allowed disabled:opacity-75 transition-colors duration-200 ease-out focus-visible:ring-2 focus-visible:ring-primary-500 dark:focus-visible:ring-primary-400 focus:outline-none"><span class="truncate">Tab1</span></button><button id="radix-vue-tabs-29-trigger-1" role="tab" type="button" aria-selected="false" aria-controls="radix-vue-tabs-29-content-1" data-state="inactive" data-orientation="horizontal" data-radix-vue-collection-item="" tabindex="-1" data-active="false" class="relative inline-flex items-center justify-center shrink-0 w-full h-8 text-gray-500 data-[state=active]:text-gray-900 dark:text-gray-400 dark:data-[state=active]:text-white px-3 text-sm font-medium rounded-md disabled:cursor-not-allowed disabled:opacity-75 transition-colors duration-200 ease-out focus-visible:ring-2 focus-visible:ring-primary-500 dark:focus-visible:ring-primary-400 focus:outline-none"><span class="truncate">Tab2</span></button><button id="radix-vue-tabs-29-trigger-2" role="tab" type="button" aria-selected="false" aria-controls="radix-vue-tabs-29-content-2" data-state="inactive" data-orientation="horizontal" data-radix-vue-collection-item="" tabindex="-1" data-active="false" class="relative inline-flex items-center justify-center shrink-0 w-full h-8 text-gray-500 data-[state=active]:text-gray-900 dark:text-gray-400 dark:data-[state=active]:text-white px-3 text-sm font-medium rounded-md disabled:cursor-not-allowed disabled:opacity-75 transition-colors duration-200 ease-out focus-visible:ring-2 focus-visible:ring-primary-500 dark:focus-visible:ring-primary-400 focus:outline-none"><span class="truncate">Tab3</span></button>
  </div>
  <div id="radix-vue-tabs-29-content-0" role="tabpanel" data-state="active" data-orientation="horizontal" aria-labelledby="radix-vue-tabs-29-trigger-0" tabindex="0" style="animation-duration: 0s;" class="focus:outline-none">Content slot</div>
  <div id="radix-vue-tabs-29-content-1" role="tabpanel" data-state="inactive" data-orientation="horizontal" aria-labelledby="radix-vue-tabs-29-trigger-1" hidden="" tabindex="0" class="focus:outline-none">Content slot</div>
  <div id="radix-vue-tabs-29-content-2" role="tabpanel" data-state="inactive" data-orientation="horizontal" aria-labelledby="radix-vue-tabs-29-trigger-2" hidden="" tabindex="0" class="focus:outline-none">Content slot</div>
</div>"
`;

exports[`Tabs > renders with default slot correctly 1`] = `
"<div dir="ltr" data-orientation="horizontal" class="flex data-[orientation=horizontal]:flex-col items-center gap-2">
  <div role="tablist" aria-orientation="horizontal" data-orientation="horizontal" dir="ltr" style="outline-color: none; outline-style: none; outline-width: initial;" class="relative w-full flex data-[orientation=vertical]:flex-col data-[orientation=vertical]:items-center justify-center rounded-lg bg-gray-50 dark:bg-gray-800 data-[orientation=horizontal]:h-10 p-1 group" tabindex="0">
    <div style="--radix-tabs-indicator-size: 0px; --radix-tabs-indicator-position: 0px;" class="absolute group-data-[orientation=horizontal]:left-0 group-data-[orientation=vertical]:top-0 group-data-[orientation=horizontal]:inset-y-1 group-data-[orientation=vertical]:inset-x-1 group-data-[orientation=horizontal]:w-[--radix-tabs-indicator-size] group-data-[orientation=vertical]:h-[--radix-tabs-indicator-size] group-data-[orientation=horizontal]:translate-x-[--radix-tabs-indicator-position] group-data-[orientation=vertical]:translate-y-[--radix-tabs-indicator-position] transition-transform duration-200 bg-white dark:bg-gray-900 rounded-md shadow-sm"></div><button id="radix-vue-tabs-25-trigger-0" role="tab" type="button" aria-selected="true" aria-controls="radix-vue-tabs-25-content-0" data-state="active" data-orientation="horizontal" data-radix-vue-collection-item="" tabindex="-1" data-active="true" class="relative inline-flex items-center justify-center shrink-0 w-full h-8 text-gray-500 data-[state=active]:text-gray-900 dark:text-gray-400 dark:data-[state=active]:text-white px-3 text-sm font-medium rounded-md disabled:cursor-not-allowed disabled:opacity-75 transition-colors duration-200 ease-out focus-visible:ring-2 focus-visible:ring-primary-500 dark:focus-visible:ring-primary-400 focus:outline-none"><span class="truncate">Default slot</span></button><button id="radix-vue-tabs-25-trigger-1" role="tab" type="button" aria-selected="false" aria-controls="radix-vue-tabs-25-content-1" data-state="inactive" data-orientation="horizontal" data-radix-vue-collection-item="" tabindex="-1" data-active="false" class="relative inline-flex items-center justify-center shrink-0 w-full h-8 text-gray-500 data-[state=active]:text-gray-900 dark:text-gray-400 dark:data-[state=active]:text-white px-3 text-sm font-medium rounded-md disabled:cursor-not-allowed disabled:opacity-75 transition-colors duration-200 ease-out focus-visible:ring-2 focus-visible:ring-primary-500 dark:focus-visible:ring-primary-400 focus:outline-none"><span class="truncate">Default slot</span></button><button id="radix-vue-tabs-25-trigger-2" role="tab" type="button" aria-selected="false" aria-controls="radix-vue-tabs-25-content-2" data-state="inactive" data-orientation="horizontal" data-radix-vue-collection-item="" tabindex="-1" data-active="false" class="relative inline-flex items-center justify-center shrink-0 w-full h-8 text-gray-500 data-[state=active]:text-gray-900 dark:text-gray-400 dark:data-[state=active]:text-white px-3 text-sm font-medium rounded-md disabled:cursor-not-allowed disabled:opacity-75 transition-colors duration-200 ease-out focus-visible:ring-2 focus-visible:ring-primary-500 dark:focus-visible:ring-primary-400 focus:outline-none"><span class="truncate">Default slot</span></button>
  </div>
  <div id="radix-vue-tabs-25-content-0" role="tabpanel" data-state="active" data-orientation="horizontal" aria-labelledby="radix-vue-tabs-25-trigger-0" tabindex="0" style="animation-duration: 0s;" class="focus:outline-none">This is the content shown for Tab1</div>
  <div id="radix-vue-tabs-25-content-1" role="tabpanel" data-state="inactive" data-orientation="horizontal" aria-labelledby="radix-vue-tabs-25-trigger-1" hidden="" tabindex="0" class="focus:outline-none">And, this is the content for Tab2</div>
  <div id="radix-vue-tabs-25-content-2" role="tabpanel" data-state="inactive" data-orientation="horizontal" aria-labelledby="radix-vue-tabs-25-trigger-2" hidden="" tabindex="0" class="focus:outline-none">Finally, this is the content for Tab3</div>
</div>"
`;

exports[`Tabs > renders with defaultValue correctly 1`] = `
"<div dir="ltr" data-orientation="horizontal" class="flex data-[orientation=horizontal]:flex-col items-center gap-2">
  <div role="tablist" aria-orientation="horizontal" data-orientation="horizontal" dir="ltr" style="outline-color: none; outline-style: none; outline-width: initial;" class="relative w-full flex data-[orientation=vertical]:flex-col data-[orientation=vertical]:items-center justify-center rounded-lg bg-gray-50 dark:bg-gray-800 data-[orientation=horizontal]:h-10 p-1 group" tabindex="0">
    <div style="--radix-tabs-indicator-size: 0px; --radix-tabs-indicator-position: 0px;" class="absolute group-data-[orientation=horizontal]:left-0 group-data-[orientation=vertical]:top-0 group-data-[orientation=horizontal]:inset-y-1 group-data-[orientation=vertical]:inset-x-1 group-data-[orientation=horizontal]:w-[--radix-tabs-indicator-size] group-data-[orientation=vertical]:h-[--radix-tabs-indicator-size] group-data-[orientation=horizontal]:translate-x-[--radix-tabs-indicator-position] group-data-[orientation=vertical]:translate-y-[--radix-tabs-indicator-position] transition-transform duration-200 bg-white dark:bg-gray-900 rounded-md shadow-sm"></div><button id="radix-vue-tabs-21-trigger-0" role="tab" type="button" aria-selected="false" aria-controls="radix-vue-tabs-21-content-0" data-state="inactive" data-orientation="horizontal" data-radix-vue-collection-item="" tabindex="-1" data-active="false" class="relative inline-flex items-center justify-center shrink-0 w-full h-8 text-gray-500 data-[state=active]:text-gray-900 dark:text-gray-400 dark:data-[state=active]:text-white px-3 text-sm font-medium rounded-md disabled:cursor-not-allowed disabled:opacity-75 transition-colors duration-200 ease-out focus-visible:ring-2 focus-visible:ring-primary-500 dark:focus-visible:ring-primary-400 focus:outline-none"><span class="truncate">Tab1</span></button><button id="radix-vue-tabs-21-trigger-1" role="tab" type="button" aria-selected="true" aria-controls="radix-vue-tabs-21-content-1" data-state="active" data-orientation="horizontal" data-radix-vue-collection-item="" tabindex="-1" data-active="true" class="relative inline-flex items-center justify-center shrink-0 w-full h-8 text-gray-500 data-[state=active]:text-gray-900 dark:text-gray-400 dark:data-[state=active]:text-white px-3 text-sm font-medium rounded-md disabled:cursor-not-allowed disabled:opacity-75 transition-colors duration-200 ease-out focus-visible:ring-2 focus-visible:ring-primary-500 dark:focus-visible:ring-primary-400 focus:outline-none"><span class="truncate">Tab2</span></button><button id="radix-vue-tabs-21-trigger-2" role="tab" type="button" aria-selected="false" aria-controls="radix-vue-tabs-21-content-2" data-state="inactive" data-orientation="horizontal" data-radix-vue-collection-item="" tabindex="-1" data-active="false" class="relative inline-flex items-center justify-center shrink-0 w-full h-8 text-gray-500 data-[state=active]:text-gray-900 dark:text-gray-400 dark:data-[state=active]:text-white px-3 text-sm font-medium rounded-md disabled:cursor-not-allowed disabled:opacity-75 transition-colors duration-200 ease-out focus-visible:ring-2 focus-visible:ring-primary-500 dark:focus-visible:ring-primary-400 focus:outline-none"><span class="truncate">Tab3</span></button>
  </div>
  <div id="radix-vue-tabs-21-content-0" role="tabpanel" data-state="inactive" data-orientation="horizontal" aria-labelledby="radix-vue-tabs-21-trigger-0" hidden="" tabindex="0" class="focus:outline-none">This is the content shown for Tab1</div>
  <div id="radix-vue-tabs-21-content-1" role="tabpanel" data-state="active" data-orientation="horizontal" aria-labelledby="radix-vue-tabs-21-trigger-1" tabindex="0" style="animation-duration: 0s;" class="focus:outline-none">And, this is the content for Tab2</div>
  <div id="radix-vue-tabs-21-content-2" role="tabpanel" data-state="inactive" data-orientation="horizontal" aria-labelledby="radix-vue-tabs-21-trigger-2" hidden="" tabindex="0" class="focus:outline-none">Finally, this is the content for Tab3</div>
</div>"
`;

exports[`Tabs > renders with modelValue correctly 1`] = `
"<div dir="ltr" data-orientation="horizontal" class="flex data-[orientation=horizontal]:flex-col items-center gap-2">
  <div role="tablist" aria-orientation="horizontal" data-orientation="horizontal" dir="ltr" style="outline-color: none; outline-style: none; outline-width: initial;" class="relative w-full flex data-[orientation=vertical]:flex-col data-[orientation=vertical]:items-center justify-center rounded-lg bg-gray-50 dark:bg-gray-800 data-[orientation=horizontal]:h-10 p-1 group" tabindex="0">
    <div style="--radix-tabs-indicator-size: 0px; --radix-tabs-indicator-position: 0px;" class="absolute group-data-[orientation=horizontal]:left-0 group-data-[orientation=vertical]:top-0 group-data-[orientation=horizontal]:inset-y-1 group-data-[orientation=vertical]:inset-x-1 group-data-[orientation=horizontal]:w-[--radix-tabs-indicator-size] group-data-[orientation=vertical]:h-[--radix-tabs-indicator-size] group-data-[orientation=horizontal]:translate-x-[--radix-tabs-indicator-position] group-data-[orientation=vertical]:translate-y-[--radix-tabs-indicator-position] transition-transform duration-200 bg-white dark:bg-gray-900 rounded-md shadow-sm"></div><button id="radix-vue-tabs-17-trigger-0" role="tab" type="button" aria-selected="false" aria-controls="radix-vue-tabs-17-content-0" data-state="inactive" data-orientation="horizontal" data-radix-vue-collection-item="" tabindex="-1" data-active="false" class="relative inline-flex items-center justify-center shrink-0 w-full h-8 text-gray-500 data-[state=active]:text-gray-900 dark:text-gray-400 dark:data-[state=active]:text-white px-3 text-sm font-medium rounded-md disabled:cursor-not-allowed disabled:opacity-75 transition-colors duration-200 ease-out focus-visible:ring-2 focus-visible:ring-primary-500 dark:focus-visible:ring-primary-400 focus:outline-none"><span class="truncate">Tab1</span></button><button id="radix-vue-tabs-17-trigger-1" role="tab" type="button" aria-selected="true" aria-controls="radix-vue-tabs-17-content-1" data-state="active" data-orientation="horizontal" data-radix-vue-collection-item="" tabindex="-1" data-active="true" class="relative inline-flex items-center justify-center shrink-0 w-full h-8 text-gray-500 data-[state=active]:text-gray-900 dark:text-gray-400 dark:data-[state=active]:text-white px-3 text-sm font-medium rounded-md disabled:cursor-not-allowed disabled:opacity-75 transition-colors duration-200 ease-out focus-visible:ring-2 focus-visible:ring-primary-500 dark:focus-visible:ring-primary-400 focus:outline-none"><span class="truncate">Tab2</span></button><button id="radix-vue-tabs-17-trigger-2" role="tab" type="button" aria-selected="false" aria-controls="radix-vue-tabs-17-content-2" data-state="inactive" data-orientation="horizontal" data-radix-vue-collection-item="" tabindex="-1" data-active="false" class="relative inline-flex items-center justify-center shrink-0 w-full h-8 text-gray-500 data-[state=active]:text-gray-900 dark:text-gray-400 dark:data-[state=active]:text-white px-3 text-sm font-medium rounded-md disabled:cursor-not-allowed disabled:opacity-75 transition-colors duration-200 ease-out focus-visible:ring-2 focus-visible:ring-primary-500 dark:focus-visible:ring-primary-400 focus:outline-none"><span class="truncate">Tab3</span></button>
  </div>
  <div id="radix-vue-tabs-17-content-0" role="tabpanel" data-state="inactive" data-orientation="horizontal" aria-labelledby="radix-vue-tabs-17-trigger-0" hidden="" tabindex="0" class="focus:outline-none">This is the content shown for Tab1</div>
  <div id="radix-vue-tabs-17-content-1" role="tabpanel" data-state="active" data-orientation="horizontal" aria-labelledby="radix-vue-tabs-17-trigger-1" tabindex="0" style="animation-duration: 0s;" class="focus:outline-none">And, this is the content for Tab2</div>
  <div id="radix-vue-tabs-17-content-2" role="tabpanel" data-state="inactive" data-orientation="horizontal" aria-labelledby="radix-vue-tabs-17-trigger-2" hidden="" tabindex="0" class="focus:outline-none">Finally, this is the content for Tab3</div>
</div>"
`;

exports[`Tabs > renders with orientation correctly 1`] = `
"<div dir="ltr" data-orientation="vertical" class="flex data-[orientation=horizontal]:flex-col items-center gap-2">
  <div role="tablist" aria-orientation="vertical" data-orientation="vertical" dir="ltr" style="outline-color: none; outline-style: none; outline-width: initial;" class="relative w-full flex data-[orientation=vertical]:flex-col data-[orientation=vertical]:items-center justify-center rounded-lg bg-gray-50 dark:bg-gray-800 data-[orientation=horizontal]:h-10 p-1 group" tabindex="0">
    <div style="--radix-tabs-indicator-size: 0px; --radix-tabs-indicator-position: 0px;" class="absolute group-data-[orientation=horizontal]:left-0 group-data-[orientation=vertical]:top-0 group-data-[orientation=horizontal]:inset-y-1 group-data-[orientation=vertical]:inset-x-1 group-data-[orientation=horizontal]:w-[--radix-tabs-indicator-size] group-data-[orientation=vertical]:h-[--radix-tabs-indicator-size] group-data-[orientation=horizontal]:translate-x-[--radix-tabs-indicator-position] group-data-[orientation=vertical]:translate-y-[--radix-tabs-indicator-position] transition-transform duration-200 bg-white dark:bg-gray-900 rounded-md shadow-sm"></div><button id="radix-vue-tabs-13-trigger-0" role="tab" type="button" aria-selected="true" aria-controls="radix-vue-tabs-13-content-0" data-state="active" data-orientation="vertical" data-radix-vue-collection-item="" tabindex="-1" data-active="true" class="relative inline-flex items-center justify-center shrink-0 w-full h-8 text-gray-500 data-[state=active]:text-gray-900 dark:text-gray-400 dark:data-[state=active]:text-white px-3 text-sm font-medium rounded-md disabled:cursor-not-allowed disabled:opacity-75 transition-colors duration-200 ease-out focus-visible:ring-2 focus-visible:ring-primary-500 dark:focus-visible:ring-primary-400 focus:outline-none"><span class="truncate">Tab1</span></button><button id="radix-vue-tabs-13-trigger-1" role="tab" type="button" aria-selected="false" aria-controls="radix-vue-tabs-13-content-1" data-state="inactive" data-orientation="vertical" data-radix-vue-collection-item="" tabindex="-1" data-active="false" class="relative inline-flex items-center justify-center shrink-0 w-full h-8 text-gray-500 data-[state=active]:text-gray-900 dark:text-gray-400 dark:data-[state=active]:text-white px-3 text-sm font-medium rounded-md disabled:cursor-not-allowed disabled:opacity-75 transition-colors duration-200 ease-out focus-visible:ring-2 focus-visible:ring-primary-500 dark:focus-visible:ring-primary-400 focus:outline-none"><span class="truncate">Tab2</span></button><button id="radix-vue-tabs-13-trigger-2" role="tab" type="button" aria-selected="false" aria-controls="radix-vue-tabs-13-content-2" data-state="inactive" data-orientation="vertical" data-radix-vue-collection-item="" tabindex="-1" data-active="false" class="relative inline-flex items-center justify-center shrink-0 w-full h-8 text-gray-500 data-[state=active]:text-gray-900 dark:text-gray-400 dark:data-[state=active]:text-white px-3 text-sm font-medium rounded-md disabled:cursor-not-allowed disabled:opacity-75 transition-colors duration-200 ease-out focus-visible:ring-2 focus-visible:ring-primary-500 dark:focus-visible:ring-primary-400 focus:outline-none"><span class="truncate">Tab3</span></button>
  </div>
  <div id="radix-vue-tabs-13-content-0" role="tabpanel" data-state="active" data-orientation="vertical" aria-labelledby="radix-vue-tabs-13-trigger-0" tabindex="0" style="animation-duration: 0s;" class="focus:outline-none">This is the content shown for Tab1</div>
  <div id="radix-vue-tabs-13-content-1" role="tabpanel" data-state="inactive" data-orientation="vertical" aria-labelledby="radix-vue-tabs-13-trigger-1" hidden="" tabindex="0" class="focus:outline-none">And, this is the content for Tab2</div>
  <div id="radix-vue-tabs-13-content-2" role="tabpanel" data-state="inactive" data-orientation="vertical" aria-labelledby="radix-vue-tabs-13-trigger-2" hidden="" tabindex="0" class="focus:outline-none">Finally, this is the content for Tab3</div>
</div>"
`;

exports[`Tabs > renders with ui correctly 1`] = `
"<div dir="ltr" data-orientation="horizontal" class="flex data-[orientation=horizontal]:flex-col items-center gap-2">
  <div role="tablist" aria-orientation="horizontal" data-orientation="horizontal" dir="ltr" style="outline-color: none; outline-style: none; outline-width: initial;" class="relative w-full flex data-[orientation=vertical]:flex-col data-[orientation=vertical]:items-center justify-center rounded-lg bg-gray-50 dark:bg-gray-800 data-[orientation=horizontal]:h-10 p-1 group" tabindex="0">
    <div style="--radix-tabs-indicator-size: 0px; --radix-tabs-indicator-position: 0px;" class="absolute group-data-[orientation=horizontal]:left-0 group-data-[orientation=vertical]:top-0 group-data-[orientation=horizontal]:inset-y-1 group-data-[orientation=vertical]:inset-x-1 group-data-[orientation=horizontal]:w-[--radix-tabs-indicator-size] group-data-[orientation=vertical]:h-[--radix-tabs-indicator-size] group-data-[orientation=horizontal]:translate-x-[--radix-tabs-indicator-position] group-data-[orientation=vertical]:translate-y-[--radix-tabs-indicator-position] transition-transform duration-200 bg-white dark:bg-gray-900 rounded-md shadow-sm"></div><button id="radix-vue-tabs-9-trigger-0" role="tab" type="button" aria-selected="true" aria-controls="radix-vue-tabs-9-content-0" data-state="active" data-orientation="horizontal" data-radix-vue-collection-item="" tabindex="-1" data-active="true" class="relative inline-flex items-center justify-center shrink-0 w-full h-8 text-gray-500 data-[state=active]:text-gray-900 dark:text-gray-400 dark:data-[state=active]:text-white px-3 text-sm font-medium rounded-md disabled:cursor-not-allowed disabled:opacity-75 transition-colors duration-200 ease-out focus-visible:ring-2 focus-visible:ring-primary-500 dark:focus-visible:ring-primary-400 focus:outline-none"><span class="truncate">Tab1</span></button><button id="radix-vue-tabs-9-trigger-1" role="tab" type="button" aria-selected="false" aria-controls="radix-vue-tabs-9-content-1" data-state="inactive" data-orientation="horizontal" data-radix-vue-collection-item="" tabindex="-1" data-active="false" class="relative inline-flex items-center justify-center shrink-0 w-full h-8 text-gray-500 data-[state=active]:text-gray-900 dark:text-gray-400 dark:data-[state=active]:text-white px-3 text-sm font-medium rounded-md disabled:cursor-not-allowed disabled:opacity-75 transition-colors duration-200 ease-out focus-visible:ring-2 focus-visible:ring-primary-500 dark:focus-visible:ring-primary-400 focus:outline-none"><span class="truncate">Tab2</span></button><button id="radix-vue-tabs-9-trigger-2" role="tab" type="button" aria-selected="false" aria-controls="radix-vue-tabs-9-content-2" data-state="inactive" data-orientation="horizontal" data-radix-vue-collection-item="" tabindex="-1" data-active="false" class="relative inline-flex items-center justify-center shrink-0 w-full h-8 text-gray-500 data-[state=active]:text-gray-900 dark:text-gray-400 dark:data-[state=active]:text-white px-3 text-sm font-medium rounded-md disabled:cursor-not-allowed disabled:opacity-75 transition-colors duration-200 ease-out focus-visible:ring-2 focus-visible:ring-primary-500 dark:focus-visible:ring-primary-400 focus:outline-none"><span class="truncate">Tab3</span></button>
  </div>
  <div id="radix-vue-tabs-9-content-0" role="tabpanel" data-state="active" data-orientation="horizontal" aria-labelledby="radix-vue-tabs-9-trigger-0" tabindex="0" style="animation-duration: 0s;" class="focus:outline-none w-full ring ring-gray-200 dark:ring-gray-800">This is the content shown for Tab1</div>
  <div id="radix-vue-tabs-9-content-1" role="tabpanel" data-state="inactive" data-orientation="horizontal" aria-labelledby="radix-vue-tabs-9-trigger-1" hidden="" tabindex="0" class="focus:outline-none w-full ring ring-gray-200 dark:ring-gray-800">And, this is the content for Tab2</div>
  <div id="radix-vue-tabs-9-content-2" role="tabpanel" data-state="inactive" data-orientation="horizontal" aria-labelledby="radix-vue-tabs-9-trigger-2" hidden="" tabindex="0" class="focus:outline-none w-full ring ring-gray-200 dark:ring-gray-800">Finally, this is the content for Tab3</div>
</div>"
`;
