// Vitest Snapshot v1, https://vitest.dev/guide/snapshot.html

exports[`Textarea > renders with class correctly 1`] = `"<div class="relative inline-flex items-center w-48"><textarea rows="3" class="w-full rounded-md border-0 placeholder-gray-400 dark:placeholder-gray-500 focus:outline-none disabled:cursor-not-allowed disabled:opacity-75 px-2.5 py-1.5 text-sm shadow-sm bg-white dark:bg-gray-900 text-gray-900 dark:text-white ring ring-inset ring-gray-300 dark:ring-gray-700 focus-visible:ring-2 focus-visible:ring-primary-500 dark:focus-visible:ring-primary-400"></textarea></div>"`;

exports[`Textarea > renders with color gray correctly 1`] = `"<div class="relative inline-flex items-center"><textarea rows="3" class="w-full rounded-md border-0 placeholder-gray-400 dark:placeholder-gray-500 focus:outline-none disabled:cursor-not-allowed disabled:opacity-75 px-2.5 py-1.5 text-sm shadow-sm bg-gray-50 dark:bg-gray-800 text-gray-900 dark:text-white ring ring-inset ring-gray-300 dark:ring-gray-700 focus-visible:ring-2 focus-visible:ring-primary-500 dark:focus-visible:ring-primary-400"></textarea></div>"`;

exports[`Textarea > renders with color green correctly 1`] = `"<div class="relative inline-flex items-center"><textarea rows="3" class="w-full rounded-md border-0 placeholder-gray-400 dark:placeholder-gray-500 focus:outline-none disabled:cursor-not-allowed disabled:opacity-75 px-2.5 py-1.5 text-sm shadow-sm bg-transparent text-gray-900 dark:text-white ring ring-inset ring-green-500 dark:ring-green-400 focus-visible:ring-2 focus-visible:ring-green-500 dark:focus-visible:ring-green-400"></textarea></div>"`;

exports[`Textarea > renders with color primary correctly 1`] = `"<div class="relative inline-flex items-center"><textarea rows="3" class="w-full rounded-md border-0 placeholder-gray-400 dark:placeholder-gray-500 focus:outline-none disabled:cursor-not-allowed disabled:opacity-75 px-2.5 py-1.5 text-sm shadow-sm bg-transparent text-gray-900 dark:text-white ring ring-inset ring-primary-500 dark:ring-primary-400 focus-visible:ring-2 focus-visible:ring-primary-500 dark:focus-visible:ring-primary-400"></textarea></div>"`;

exports[`Textarea > renders with color red correctly 1`] = `"<div class="relative inline-flex items-center"><textarea rows="3" class="w-full rounded-md border-0 placeholder-gray-400 dark:placeholder-gray-500 focus:outline-none disabled:cursor-not-allowed disabled:opacity-75 px-2.5 py-1.5 text-sm shadow-sm bg-transparent text-gray-900 dark:text-white ring ring-inset ring-red-500 dark:ring-red-400 focus-visible:ring-2 focus-visible:ring-red-500 dark:focus-visible:ring-red-400"></textarea></div>"`;

exports[`Textarea > renders with color white correctly 1`] = `"<div class="relative inline-flex items-center"><textarea rows="3" class="w-full rounded-md border-0 placeholder-gray-400 dark:placeholder-gray-500 focus:outline-none disabled:cursor-not-allowed disabled:opacity-75 px-2.5 py-1.5 text-sm shadow-sm bg-white dark:bg-gray-900 text-gray-900 dark:text-white ring ring-inset ring-gray-300 dark:ring-gray-700 focus-visible:ring-2 focus-visible:ring-primary-500 dark:focus-visible:ring-primary-400"></textarea></div>"`;

exports[`Textarea > renders with default slot correctly 1`] = `"<div class="relative inline-flex items-center"><textarea rows="3" class="w-full rounded-md border-0 placeholder-gray-400 dark:placeholder-gray-500 focus:outline-none disabled:cursor-not-allowed disabled:opacity-75 px-2.5 py-1.5 text-sm shadow-sm bg-white dark:bg-gray-900 text-gray-900 dark:text-white ring ring-inset ring-gray-300 dark:ring-gray-700 focus-visible:ring-2 focus-visible:ring-primary-500 dark:focus-visible:ring-primary-400"></textarea>Default slot</div>"`;

exports[`Textarea > renders with disabled correctly 1`] = `"<div class="relative inline-flex items-center"><textarea rows="3" class="w-full rounded-md border-0 placeholder-gray-400 dark:placeholder-gray-500 focus:outline-none disabled:cursor-not-allowed disabled:opacity-75 px-2.5 py-1.5 text-sm shadow-sm bg-white dark:bg-gray-900 text-gray-900 dark:text-white ring ring-inset ring-gray-300 dark:ring-gray-700 focus-visible:ring-2 focus-visible:ring-primary-500 dark:focus-visible:ring-primary-400" disabled=""></textarea></div>"`;

exports[`Textarea > renders with id correctly 1`] = `"<div class="relative inline-flex items-center"><textarea id="id" rows="3" class="w-full rounded-md border-0 placeholder-gray-400 dark:placeholder-gray-500 focus:outline-none disabled:cursor-not-allowed disabled:opacity-75 px-2.5 py-1.5 text-sm shadow-sm bg-white dark:bg-gray-900 text-gray-900 dark:text-white ring ring-inset ring-gray-300 dark:ring-gray-700 focus-visible:ring-2 focus-visible:ring-primary-500 dark:focus-visible:ring-primary-400"></textarea></div>"`;

exports[`Textarea > renders with name correctly 1`] = `"<div class="relative inline-flex items-center"><textarea name="name" rows="3" class="w-full rounded-md border-0 placeholder-gray-400 dark:placeholder-gray-500 focus:outline-none disabled:cursor-not-allowed disabled:opacity-75 px-2.5 py-1.5 text-sm shadow-sm bg-white dark:bg-gray-900 text-gray-900 dark:text-white ring ring-inset ring-gray-300 dark:ring-gray-700 focus-visible:ring-2 focus-visible:ring-primary-500 dark:focus-visible:ring-primary-400"></textarea></div>"`;

exports[`Textarea > renders with placeholder correctly 1`] = `"<div class="relative inline-flex items-center"><textarea rows="3" placeholder="Search..." class="w-full rounded-md border-0 placeholder-gray-400 dark:placeholder-gray-500 focus:outline-none disabled:cursor-not-allowed disabled:opacity-75 px-2.5 py-1.5 text-sm shadow-sm bg-white dark:bg-gray-900 text-gray-900 dark:text-white ring ring-inset ring-gray-300 dark:ring-gray-700 focus-visible:ring-2 focus-visible:ring-primary-500 dark:focus-visible:ring-primary-400"></textarea></div>"`;

exports[`Textarea > renders with required correctly 1`] = `"<div class="relative inline-flex items-center"><textarea rows="3" class="w-full rounded-md border-0 placeholder-gray-400 dark:placeholder-gray-500 focus:outline-none disabled:cursor-not-allowed disabled:opacity-75 px-2.5 py-1.5 text-sm shadow-sm bg-white dark:bg-gray-900 text-gray-900 dark:text-white ring ring-inset ring-gray-300 dark:ring-gray-700 focus-visible:ring-2 focus-visible:ring-primary-500 dark:focus-visible:ring-primary-400" required=""></textarea></div>"`;

exports[`Textarea > renders with rows correctly 1`] = `"<div class="relative inline-flex items-center"><textarea rows="5" class="w-full rounded-md border-0 placeholder-gray-400 dark:placeholder-gray-500 focus:outline-none disabled:cursor-not-allowed disabled:opacity-75 px-2.5 py-1.5 text-sm shadow-sm bg-white dark:bg-gray-900 text-gray-900 dark:text-white ring ring-inset ring-gray-300 dark:ring-gray-700 focus-visible:ring-2 focus-visible:ring-primary-500 dark:focus-visible:ring-primary-400"></textarea></div>"`;

exports[`Textarea > renders with size lg correctly 1`] = `"<div class="relative inline-flex items-center"><textarea rows="3" class="w-full rounded-md border-0 placeholder-gray-400 dark:placeholder-gray-500 focus:outline-none disabled:cursor-not-allowed disabled:opacity-75 px-3 py-2 text-sm shadow-sm bg-white dark:bg-gray-900 text-gray-900 dark:text-white ring ring-inset ring-gray-300 dark:ring-gray-700 focus-visible:ring-2 focus-visible:ring-primary-500 dark:focus-visible:ring-primary-400"></textarea></div>"`;

exports[`Textarea > renders with size md correctly 1`] = `"<div class="relative inline-flex items-center"><textarea rows="3" class="w-full rounded-md border-0 placeholder-gray-400 dark:placeholder-gray-500 focus:outline-none disabled:cursor-not-allowed disabled:opacity-75 px-2.5 py-1.5 text-sm shadow-sm bg-white dark:bg-gray-900 text-gray-900 dark:text-white ring ring-inset ring-gray-300 dark:ring-gray-700 focus-visible:ring-2 focus-visible:ring-primary-500 dark:focus-visible:ring-primary-400"></textarea></div>"`;

exports[`Textarea > renders with size sm correctly 1`] = `"<div class="relative inline-flex items-center"><textarea rows="3" class="w-full rounded-md border-0 placeholder-gray-400 dark:placeholder-gray-500 focus:outline-none disabled:cursor-not-allowed disabled:opacity-75 px-2.5 py-1.5 text-xs shadow-sm bg-white dark:bg-gray-900 text-gray-900 dark:text-white ring ring-inset ring-gray-300 dark:ring-gray-700 focus-visible:ring-2 focus-visible:ring-primary-500 dark:focus-visible:ring-primary-400"></textarea></div>"`;

exports[`Textarea > renders with size xl correctly 1`] = `"<div class="relative inline-flex items-center"><textarea rows="3" class="w-full rounded-md border-0 placeholder-gray-400 dark:placeholder-gray-500 focus:outline-none disabled:cursor-not-allowed disabled:opacity-75 px-3 py-2 text-base shadow-sm bg-white dark:bg-gray-900 text-gray-900 dark:text-white ring ring-inset ring-gray-300 dark:ring-gray-700 focus-visible:ring-2 focus-visible:ring-primary-500 dark:focus-visible:ring-primary-400"></textarea></div>"`;

exports[`Textarea > renders with size xs correctly 1`] = `"<div class="relative inline-flex items-center"><textarea rows="3" class="w-full rounded-md border-0 placeholder-gray-400 dark:placeholder-gray-500 focus:outline-none disabled:cursor-not-allowed disabled:opacity-75 px-2 py-1 text-xs shadow-sm bg-white dark:bg-gray-900 text-gray-900 dark:text-white ring ring-inset ring-gray-300 dark:ring-gray-700 focus-visible:ring-2 focus-visible:ring-primary-500 dark:focus-visible:ring-primary-400"></textarea></div>"`;

exports[`Textarea > renders with ui correctly 1`] = `"<div class="relative inline-flex items-center"><textarea rows="3" class="w-full rounded-md border-0 placeholder-gray-400 dark:placeholder-gray-500 focus:outline-none disabled:cursor-not-allowed disabled:opacity-75 px-2.5 py-1.5 text-sm shadow-sm bg-white dark:bg-gray-900 text-gray-900 dark:text-white ring ring-inset ring-gray-300 dark:ring-gray-700 focus-visible:ring-2 focus-visible:ring-primary-500 dark:focus-visible:ring-primary-400"></textarea></div>"`;

exports[`Textarea > renders with variant none correctly 1`] = `"<div class="relative inline-flex items-center"><textarea rows="3" class="w-full rounded-md border-0 placeholder-gray-400 dark:placeholder-gray-500 focus:outline-none disabled:cursor-not-allowed disabled:opacity-75 px-2.5 py-1.5 text-sm bg-transparent"></textarea></div>"`;

exports[`Textarea > renders with variant outline correctly 1`] = `"<div class="relative inline-flex items-center"><textarea rows="3" class="w-full rounded-md border-0 placeholder-gray-400 dark:placeholder-gray-500 focus:outline-none disabled:cursor-not-allowed disabled:opacity-75 px-2.5 py-1.5 text-sm shadow-sm bg-white dark:bg-gray-900 text-gray-900 dark:text-white ring ring-inset ring-gray-300 dark:ring-gray-700 focus-visible:ring-2 focus-visible:ring-primary-500 dark:focus-visible:ring-primary-400"></textarea></div>"`;
